// Jest Snapshot v1, https://goo.gl/fbAQLP

exports[`<DayColumn /> should match snapshot 1`] = `
ShallowWrapper {
  Symbol(enzyme.__root__): [Circular],
  Symbol(enzyme.__unrendered__): <Unknown
    currentMoment={"2014-02-27T10:00:00.000Z"}
    tasks={
        Array [
            Task {
              "date": "2014-02-10T01:00:00.000Z",
              "durationTime": 1,
              "id": 1,
              "name": "귤 까기01",
            },
            Task {
              "date": "2014-02-10T24:00:00.000Z",
              "durationTime": 10,
              "id": 1,
              "name": "귤 까기24",
            },
            Task {
              "date": "2014-02-10T10:00:00.000Z",
              "durationTime": 2,
              "id": 1,
              "name": "귤 까기10",
            },
            Task {
              "date": "2014-02-10T09:00:00.000Z",
              "durationTime": 3,
              "id": 1,
              "name": "귤 까기09",
            },
            Task {
              "date": "2014-02-10T12:00:00.000Z",
              "durationTime": 4,
              "id": 1,
              "name": "귤 까기12",
            },
          ]
    }
/>,
  Symbol(enzyme.__renderer__): Object {
    "batchedUpdates": [Function],
    "checkPropTypes": [Function],
    "getNode": [Function],
    "render": [Function],
    "simulateError": [Function],
    "simulateEvent": [Function],
    "unmount": [Function],
  },
  Symbol(enzyme.__node__): Object {
    "instance": null,
    "key": undefined,
    "nodeType": "function",
    "props": Object {
      "children": Array [
        Array [
          <Unknown
            data-date={27}
            data-month={1}
            data-time={1}
/>,
          <Unknown
            data-date={27}
            data-month={1}
            data-time={2}
/>,
          <Unknown
            data-date={27}
            data-month={1}
            data-time={3}
/>,
          <Unknown
            data-date={27}
            data-month={1}
            data-time={4}
/>,
          <Unknown
            data-date={27}
            data-month={1}
            data-time={5}
/>,
          <Unknown
            data-date={27}
            data-month={1}
            data-time={6}
/>,
          <Unknown
            data-date={27}
            data-month={1}
            data-time={7}
/>,
          <Unknown
            data-date={27}
            data-month={1}
            data-time={8}
/>,
          <Unknown
            data-date={27}
            data-month={1}
            data-time={9}
/>,
          <Unknown
            data-date={27}
            data-month={1}
            data-time={10}
/>,
          <Unknown
            data-date={27}
            data-month={1}
            data-time={11}
/>,
          <Unknown
            data-date={27}
            data-month={1}
            data-time={12}
/>,
          <Unknown
            data-date={27}
            data-month={1}
            data-time={13}
/>,
          <Unknown
            data-date={27}
            data-month={1}
            data-time={14}
/>,
          <Unknown
            data-date={27}
            data-month={1}
            data-time={15}
/>,
          <Unknown
            data-date={27}
            data-month={1}
            data-time={16}
/>,
          <Unknown
            data-date={27}
            data-month={1}
            data-time={17}
/>,
          <Unknown
            data-date={27}
            data-month={1}
            data-time={18}
/>,
          <Unknown
            data-date={27}
            data-month={1}
            data-time={19}
/>,
          <Unknown
            data-date={27}
            data-month={1}
            data-time={20}
/>,
          <Unknown
            data-date={27}
            data-month={1}
            data-time={21}
/>,
          <Unknown
            data-date={27}
            data-month={1}
            data-time={22}
/>,
          <Unknown
            data-date={27}
            data-month={1}
            data-time={23}
/>,
          <Unknown
            data-date={27}
            data-month={1}
            data-time={24}
/>,
        ],
        Array [
          <Unknown
            data-taskid={1}
            style={
                        Object {
                                    "height": "40px",
                                    "top": "400px",
                                  }
            }
>
            귤 까기01
             
            10
</Unknown>,
          <Unknown
            data-taskid={1}
            style={
                        Object {
                                    "height": "400px",
                                    "top": "360px",
                                  }
            }
>
            귤 까기24
             
            9
</Unknown>,
          <Unknown
            data-taskid={1}
            style={
                        Object {
                                    "height": "80px",
                                    "top": "760px",
                                  }
            }
>
            귤 까기10
             
            19
</Unknown>,
          <Unknown
            data-taskid={1}
            style={
                        Object {
                                    "height": "120px",
                                    "top": "720px",
                                  }
            }
>
            귤 까기09
             
            18
</Unknown>,
          <Unknown
            data-taskid={1}
            style={
                        Object {
                                    "height": "160px",
                                    "top": "840px",
                                  }
            }
>
            귤 까기12
             
            21
</Unknown>,
        ],
      ],
    },
    "ref": null,
    "rendered": Array [
      Object {
        "instance": null,
        "key": "1-cell",
        "nodeType": "function",
        "props": Object {
          "data-date": 27,
          "data-month": 1,
          "data-time": 1,
        },
        "ref": null,
        "rendered": null,
        "type": Object {
          "$$typeof": Symbol(react.forward_ref),
          "attrs": Array [],
          "componentStyle": ComponentStyle {
            "componentId": "sc-bwzfXH",
            "isStatic": true,
            "rules": Array [
              "
    height: 40px;
    cursor: pointer;
    transition-duration: 1s;
    border-bottom: 1px solid ",
              "#DADCDF",
              ";
    &:hover {
        background-color: ",
              "#DADCDF",
              ";
    }
",
            ],
          },
          "displayName": "Cell",
          "foldedComponentIds": Array [],
          "render": [Function],
          "styledComponentId": "sc-bwzfXH",
          "target": "div",
          "toString": [Function],
          "warnTooManyClasses": [Function],
          "withComponent": [Function],
        },
      },
      Object {
        "instance": null,
        "key": "2-cell",
        "nodeType": "function",
        "props": Object {
          "data-date": 27,
          "data-month": 1,
          "data-time": 2,
        },
        "ref": null,
        "rendered": null,
        "type": Object {
          "$$typeof": Symbol(react.forward_ref),
          "attrs": Array [],
          "componentStyle": ComponentStyle {
            "componentId": "sc-bwzfXH",
            "isStatic": true,
            "rules": Array [
              "
    height: 40px;
    cursor: pointer;
    transition-duration: 1s;
    border-bottom: 1px solid ",
              "#DADCDF",
              ";
    &:hover {
        background-color: ",
              "#DADCDF",
              ";
    }
",
            ],
          },
          "displayName": "Cell",
          "foldedComponentIds": Array [],
          "render": [Function],
          "styledComponentId": "sc-bwzfXH",
          "target": "div",
          "toString": [Function],
          "warnTooManyClasses": [Function],
          "withComponent": [Function],
        },
      },
      Object {
        "instance": null,
        "key": "3-cell",
        "nodeType": "function",
        "props": Object {
          "data-date": 27,
          "data-month": 1,
          "data-time": 3,
        },
        "ref": null,
        "rendered": null,
        "type": Object {
          "$$typeof": Symbol(react.forward_ref),
          "attrs": Array [],
          "componentStyle": ComponentStyle {
            "componentId": "sc-bwzfXH",
            "isStatic": true,
            "rules": Array [
              "
    height: 40px;
    cursor: pointer;
    transition-duration: 1s;
    border-bottom: 1px solid ",
              "#DADCDF",
              ";
    &:hover {
        background-color: ",
              "#DADCDF",
              ";
    }
",
            ],
          },
          "displayName": "Cell",
          "foldedComponentIds": Array [],
          "render": [Function],
          "styledComponentId": "sc-bwzfXH",
          "target": "div",
          "toString": [Function],
          "warnTooManyClasses": [Function],
          "withComponent": [Function],
        },
      },
      Object {
        "instance": null,
        "key": "4-cell",
        "nodeType": "function",
        "props": Object {
          "data-date": 27,
          "data-month": 1,
          "data-time": 4,
        },
        "ref": null,
        "rendered": null,
        "type": Object {
          "$$typeof": Symbol(react.forward_ref),
          "attrs": Array [],
          "componentStyle": ComponentStyle {
            "componentId": "sc-bwzfXH",
            "isStatic": true,
            "rules": Array [
              "
    height: 40px;
    cursor: pointer;
    transition-duration: 1s;
    border-bottom: 1px solid ",
              "#DADCDF",
              ";
    &:hover {
        background-color: ",
              "#DADCDF",
              ";
    }
",
            ],
          },
          "displayName": "Cell",
          "foldedComponentIds": Array [],
          "render": [Function],
          "styledComponentId": "sc-bwzfXH",
          "target": "div",
          "toString": [Function],
          "warnTooManyClasses": [Function],
          "withComponent": [Function],
        },
      },
      Object {
        "instance": null,
        "key": "5-cell",
        "nodeType": "function",
        "props": Object {
          "data-date": 27,
          "data-month": 1,
          "data-time": 5,
        },
        "ref": null,
        "rendered": null,
        "type": Object {
          "$$typeof": Symbol(react.forward_ref),
          "attrs": Array [],
          "componentStyle": ComponentStyle {
            "componentId": "sc-bwzfXH",
            "isStatic": true,
            "rules": Array [
              "
    height: 40px;
    cursor: pointer;
    transition-duration: 1s;
    border-bottom: 1px solid ",
              "#DADCDF",
              ";
    &:hover {
        background-color: ",
              "#DADCDF",
              ";
    }
",
            ],
          },
          "displayName": "Cell",
          "foldedComponentIds": Array [],
          "render": [Function],
          "styledComponentId": "sc-bwzfXH",
          "target": "div",
          "toString": [Function],
          "warnTooManyClasses": [Function],
          "withComponent": [Function],
        },
      },
      Object {
        "instance": null,
        "key": "6-cell",
        "nodeType": "function",
        "props": Object {
          "data-date": 27,
          "data-month": 1,
          "data-time": 6,
        },
        "ref": null,
        "rendered": null,
        "type": Object {
          "$$typeof": Symbol(react.forward_ref),
          "attrs": Array [],
          "componentStyle": ComponentStyle {
            "componentId": "sc-bwzfXH",
            "isStatic": true,
            "rules": Array [
              "
    height: 40px;
    cursor: pointer;
    transition-duration: 1s;
    border-bottom: 1px solid ",
              "#DADCDF",
              ";
    &:hover {
        background-color: ",
              "#DADCDF",
              ";
    }
",
            ],
          },
          "displayName": "Cell",
          "foldedComponentIds": Array [],
          "render": [Function],
          "styledComponentId": "sc-bwzfXH",
          "target": "div",
          "toString": [Function],
          "warnTooManyClasses": [Function],
          "withComponent": [Function],
        },
      },
      Object {
        "instance": null,
        "key": "7-cell",
        "nodeType": "function",
        "props": Object {
          "data-date": 27,
          "data-month": 1,
          "data-time": 7,
        },
        "ref": null,
        "rendered": null,
        "type": Object {
          "$$typeof": Symbol(react.forward_ref),
          "attrs": Array [],
          "componentStyle": ComponentStyle {
            "componentId": "sc-bwzfXH",
            "isStatic": true,
            "rules": Array [
              "
    height: 40px;
    cursor: pointer;
    transition-duration: 1s;
    border-bottom: 1px solid ",
              "#DADCDF",
              ";
    &:hover {
        background-color: ",
              "#DADCDF",
              ";
    }
",
            ],
          },
          "displayName": "Cell",
          "foldedComponentIds": Array [],
          "render": [Function],
          "styledComponentId": "sc-bwzfXH",
          "target": "div",
          "toString": [Function],
          "warnTooManyClasses": [Function],
          "withComponent": [Function],
        },
      },
      Object {
        "instance": null,
        "key": "8-cell",
        "nodeType": "function",
        "props": Object {
          "data-date": 27,
          "data-month": 1,
          "data-time": 8,
        },
        "ref": null,
        "rendered": null,
        "type": Object {
          "$$typeof": Symbol(react.forward_ref),
          "attrs": Array [],
          "componentStyle": ComponentStyle {
            "componentId": "sc-bwzfXH",
            "isStatic": true,
            "rules": Array [
              "
    height: 40px;
    cursor: pointer;
    transition-duration: 1s;
    border-bottom: 1px solid ",
              "#DADCDF",
              ";
    &:hover {
        background-color: ",
              "#DADCDF",
              ";
    }
",
            ],
          },
          "displayName": "Cell",
          "foldedComponentIds": Array [],
          "render": [Function],
          "styledComponentId": "sc-bwzfXH",
          "target": "div",
          "toString": [Function],
          "warnTooManyClasses": [Function],
          "withComponent": [Function],
        },
      },
      Object {
        "instance": null,
        "key": "9-cell",
        "nodeType": "function",
        "props": Object {
          "data-date": 27,
          "data-month": 1,
          "data-time": 9,
        },
        "ref": null,
        "rendered": null,
        "type": Object {
          "$$typeof": Symbol(react.forward_ref),
          "attrs": Array [],
          "componentStyle": ComponentStyle {
            "componentId": "sc-bwzfXH",
            "isStatic": true,
            "rules": Array [
              "
    height: 40px;
    cursor: pointer;
    transition-duration: 1s;
    border-bottom: 1px solid ",
              "#DADCDF",
              ";
    &:hover {
        background-color: ",
              "#DADCDF",
              ";
    }
",
            ],
          },
          "displayName": "Cell",
          "foldedComponentIds": Array [],
          "render": [Function],
          "styledComponentId": "sc-bwzfXH",
          "target": "div",
          "toString": [Function],
          "warnTooManyClasses": [Function],
          "withComponent": [Function],
        },
      },
      Object {
        "instance": null,
        "key": "10-cell",
        "nodeType": "function",
        "props": Object {
          "data-date": 27,
          "data-month": 1,
          "data-time": 10,
        },
        "ref": null,
        "rendered": null,
        "type": Object {
          "$$typeof": Symbol(react.forward_ref),
          "attrs": Array [],
          "componentStyle": ComponentStyle {
            "componentId": "sc-bwzfXH",
            "isStatic": true,
            "rules": Array [
              "
    height: 40px;
    cursor: pointer;
    transition-duration: 1s;
    border-bottom: 1px solid ",
              "#DADCDF",
              ";
    &:hover {
        background-color: ",
              "#DADCDF",
              ";
    }
",
            ],
          },
          "displayName": "Cell",
          "foldedComponentIds": Array [],
          "render": [Function],
          "styledComponentId": "sc-bwzfXH",
          "target": "div",
          "toString": [Function],
          "warnTooManyClasses": [Function],
          "withComponent": [Function],
        },
      },
      Object {
        "instance": null,
        "key": "11-cell",
        "nodeType": "function",
        "props": Object {
          "data-date": 27,
          "data-month": 1,
          "data-time": 11,
        },
        "ref": null,
        "rendered": null,
        "type": Object {
          "$$typeof": Symbol(react.forward_ref),
          "attrs": Array [],
          "componentStyle": ComponentStyle {
            "componentId": "sc-bwzfXH",
            "isStatic": true,
            "rules": Array [
              "
    height: 40px;
    cursor: pointer;
    transition-duration: 1s;
    border-bottom: 1px solid ",
              "#DADCDF",
              ";
    &:hover {
        background-color: ",
              "#DADCDF",
              ";
    }
",
            ],
          },
          "displayName": "Cell",
          "foldedComponentIds": Array [],
          "render": [Function],
          "styledComponentId": "sc-bwzfXH",
          "target": "div",
          "toString": [Function],
          "warnTooManyClasses": [Function],
          "withComponent": [Function],
        },
      },
      Object {
        "instance": null,
        "key": "12-cell",
        "nodeType": "function",
        "props": Object {
          "data-date": 27,
          "data-month": 1,
          "data-time": 12,
        },
        "ref": null,
        "rendered": null,
        "type": Object {
          "$$typeof": Symbol(react.forward_ref),
          "attrs": Array [],
          "componentStyle": ComponentStyle {
            "componentId": "sc-bwzfXH",
            "isStatic": true,
            "rules": Array [
              "
    height: 40px;
    cursor: pointer;
    transition-duration: 1s;
    border-bottom: 1px solid ",
              "#DADCDF",
              ";
    &:hover {
        background-color: ",
              "#DADCDF",
              ";
    }
",
            ],
          },
          "displayName": "Cell",
          "foldedComponentIds": Array [],
          "render": [Function],
          "styledComponentId": "sc-bwzfXH",
          "target": "div",
          "toString": [Function],
          "warnTooManyClasses": [Function],
          "withComponent": [Function],
        },
      },
      Object {
        "instance": null,
        "key": "13-cell",
        "nodeType": "function",
        "props": Object {
          "data-date": 27,
          "data-month": 1,
          "data-time": 13,
        },
        "ref": null,
        "rendered": null,
        "type": Object {
          "$$typeof": Symbol(react.forward_ref),
          "attrs": Array [],
          "componentStyle": ComponentStyle {
            "componentId": "sc-bwzfXH",
            "isStatic": true,
            "rules": Array [
              "
    height: 40px;
    cursor: pointer;
    transition-duration: 1s;
    border-bottom: 1px solid ",
              "#DADCDF",
              ";
    &:hover {
        background-color: ",
              "#DADCDF",
              ";
    }
",
            ],
          },
          "displayName": "Cell",
          "foldedComponentIds": Array [],
          "render": [Function],
          "styledComponentId": "sc-bwzfXH",
          "target": "div",
          "toString": [Function],
          "warnTooManyClasses": [Function],
          "withComponent": [Function],
        },
      },
      Object {
        "instance": null,
        "key": "14-cell",
        "nodeType": "function",
        "props": Object {
          "data-date": 27,
          "data-month": 1,
          "data-time": 14,
        },
        "ref": null,
        "rendered": null,
        "type": Object {
          "$$typeof": Symbol(react.forward_ref),
          "attrs": Array [],
          "componentStyle": ComponentStyle {
            "componentId": "sc-bwzfXH",
            "isStatic": true,
            "rules": Array [
              "
    height: 40px;
    cursor: pointer;
    transition-duration: 1s;
    border-bottom: 1px solid ",
              "#DADCDF",
              ";
    &:hover {
        background-color: ",
              "#DADCDF",
              ";
    }
",
            ],
          },
          "displayName": "Cell",
          "foldedComponentIds": Array [],
          "render": [Function],
          "styledComponentId": "sc-bwzfXH",
          "target": "div",
          "toString": [Function],
          "warnTooManyClasses": [Function],
          "withComponent": [Function],
        },
      },
      Object {
        "instance": null,
        "key": "15-cell",
        "nodeType": "function",
        "props": Object {
          "data-date": 27,
          "data-month": 1,
          "data-time": 15,
        },
        "ref": null,
        "rendered": null,
        "type": Object {
          "$$typeof": Symbol(react.forward_ref),
          "attrs": Array [],
          "componentStyle": ComponentStyle {
            "componentId": "sc-bwzfXH",
            "isStatic": true,
            "rules": Array [
              "
    height: 40px;
    cursor: pointer;
    transition-duration: 1s;
    border-bottom: 1px solid ",
              "#DADCDF",
              ";
    &:hover {
        background-color: ",
              "#DADCDF",
              ";
    }
",
            ],
          },
          "displayName": "Cell",
          "foldedComponentIds": Array [],
          "render": [Function],
          "styledComponentId": "sc-bwzfXH",
          "target": "div",
          "toString": [Function],
          "warnTooManyClasses": [Function],
          "withComponent": [Function],
        },
      },
      Object {
        "instance": null,
        "key": "16-cell",
        "nodeType": "function",
        "props": Object {
          "data-date": 27,
          "data-month": 1,
          "data-time": 16,
        },
        "ref": null,
        "rendered": null,
        "type": Object {
          "$$typeof": Symbol(react.forward_ref),
          "attrs": Array [],
          "componentStyle": ComponentStyle {
            "componentId": "sc-bwzfXH",
            "isStatic": true,
            "rules": Array [
              "
    height: 40px;
    cursor: pointer;
    transition-duration: 1s;
    border-bottom: 1px solid ",
              "#DADCDF",
              ";
    &:hover {
        background-color: ",
              "#DADCDF",
              ";
    }
",
            ],
          },
          "displayName": "Cell",
          "foldedComponentIds": Array [],
          "render": [Function],
          "styledComponentId": "sc-bwzfXH",
          "target": "div",
          "toString": [Function],
          "warnTooManyClasses": [Function],
          "withComponent": [Function],
        },
      },
      Object {
        "instance": null,
        "key": "17-cell",
        "nodeType": "function",
        "props": Object {
          "data-date": 27,
          "data-month": 1,
          "data-time": 17,
        },
        "ref": null,
        "rendered": null,
        "type": Object {
          "$$typeof": Symbol(react.forward_ref),
          "attrs": Array [],
          "componentStyle": ComponentStyle {
            "componentId": "sc-bwzfXH",
            "isStatic": true,
            "rules": Array [
              "
    height: 40px;
    cursor: pointer;
    transition-duration: 1s;
    border-bottom: 1px solid ",
              "#DADCDF",
              ";
    &:hover {
        background-color: ",
              "#DADCDF",
              ";
    }
",
            ],
          },
          "displayName": "Cell",
          "foldedComponentIds": Array [],
          "render": [Function],
          "styledComponentId": "sc-bwzfXH",
          "target": "div",
          "toString": [Function],
          "warnTooManyClasses": [Function],
          "withComponent": [Function],
        },
      },
      Object {
        "instance": null,
        "key": "18-cell",
        "nodeType": "function",
        "props": Object {
          "data-date": 27,
          "data-month": 1,
          "data-time": 18,
        },
        "ref": null,
        "rendered": null,
        "type": Object {
          "$$typeof": Symbol(react.forward_ref),
          "attrs": Array [],
          "componentStyle": ComponentStyle {
            "componentId": "sc-bwzfXH",
            "isStatic": true,
            "rules": Array [
              "
    height: 40px;
    cursor: pointer;
    transition-duration: 1s;
    border-bottom: 1px solid ",
              "#DADCDF",
              ";
    &:hover {
        background-color: ",
              "#DADCDF",
              ";
    }
",
            ],
          },
          "displayName": "Cell",
          "foldedComponentIds": Array [],
          "render": [Function],
          "styledComponentId": "sc-bwzfXH",
          "target": "div",
          "toString": [Function],
          "warnTooManyClasses": [Function],
          "withComponent": [Function],
        },
      },
      Object {
        "instance": null,
        "key": "19-cell",
        "nodeType": "function",
        "props": Object {
          "data-date": 27,
          "data-month": 1,
          "data-time": 19,
        },
        "ref": null,
        "rendered": null,
        "type": Object {
          "$$typeof": Symbol(react.forward_ref),
          "attrs": Array [],
          "componentStyle": ComponentStyle {
            "componentId": "sc-bwzfXH",
            "isStatic": true,
            "rules": Array [
              "
    height: 40px;
    cursor: pointer;
    transition-duration: 1s;
    border-bottom: 1px solid ",
              "#DADCDF",
              ";
    &:hover {
        background-color: ",
              "#DADCDF",
              ";
    }
",
            ],
          },
          "displayName": "Cell",
          "foldedComponentIds": Array [],
          "render": [Function],
          "styledComponentId": "sc-bwzfXH",
          "target": "div",
          "toString": [Function],
          "warnTooManyClasses": [Function],
          "withComponent": [Function],
        },
      },
      Object {
        "instance": null,
        "key": "20-cell",
        "nodeType": "function",
        "props": Object {
          "data-date": 27,
          "data-month": 1,
          "data-time": 20,
        },
        "ref": null,
        "rendered": null,
        "type": Object {
          "$$typeof": Symbol(react.forward_ref),
          "attrs": Array [],
          "componentStyle": ComponentStyle {
            "componentId": "sc-bwzfXH",
            "isStatic": true,
            "rules": Array [
              "
    height: 40px;
    cursor: pointer;
    transition-duration: 1s;
    border-bottom: 1px solid ",
              "#DADCDF",
              ";
    &:hover {
        background-color: ",
              "#DADCDF",
              ";
    }
",
            ],
          },
          "displayName": "Cell",
          "foldedComponentIds": Array [],
          "render": [Function],
          "styledComponentId": "sc-bwzfXH",
          "target": "div",
          "toString": [Function],
          "warnTooManyClasses": [Function],
          "withComponent": [Function],
        },
      },
      Object {
        "instance": null,
        "key": "21-cell",
        "nodeType": "function",
        "props": Object {
          "data-date": 27,
          "data-month": 1,
          "data-time": 21,
        },
        "ref": null,
        "rendered": null,
        "type": Object {
          "$$typeof": Symbol(react.forward_ref),
          "attrs": Array [],
          "componentStyle": ComponentStyle {
            "componentId": "sc-bwzfXH",
            "isStatic": true,
            "rules": Array [
              "
    height: 40px;
    cursor: pointer;
    transition-duration: 1s;
    border-bottom: 1px solid ",
              "#DADCDF",
              ";
    &:hover {
        background-color: ",
              "#DADCDF",
              ";
    }
",
            ],
          },
          "displayName": "Cell",
          "foldedComponentIds": Array [],
          "render": [Function],
          "styledComponentId": "sc-bwzfXH",
          "target": "div",
          "toString": [Function],
          "warnTooManyClasses": [Function],
          "withComponent": [Function],
        },
      },
      Object {
        "instance": null,
        "key": "22-cell",
        "nodeType": "function",
        "props": Object {
          "data-date": 27,
          "data-month": 1,
          "data-time": 22,
        },
        "ref": null,
        "rendered": null,
        "type": Object {
          "$$typeof": Symbol(react.forward_ref),
          "attrs": Array [],
          "componentStyle": ComponentStyle {
            "componentId": "sc-bwzfXH",
            "isStatic": true,
            "rules": Array [
              "
    height: 40px;
    cursor: pointer;
    transition-duration: 1s;
    border-bottom: 1px solid ",
              "#DADCDF",
              ";
    &:hover {
        background-color: ",
              "#DADCDF",
              ";
    }
",
            ],
          },
          "displayName": "Cell",
          "foldedComponentIds": Array [],
          "render": [Function],
          "styledComponentId": "sc-bwzfXH",
          "target": "div",
          "toString": [Function],
          "warnTooManyClasses": [Function],
          "withComponent": [Function],
        },
      },
      Object {
        "instance": null,
        "key": "23-cell",
        "nodeType": "function",
        "props": Object {
          "data-date": 27,
          "data-month": 1,
          "data-time": 23,
        },
        "ref": null,
        "rendered": null,
        "type": Object {
          "$$typeof": Symbol(react.forward_ref),
          "attrs": Array [],
          "componentStyle": ComponentStyle {
            "componentId": "sc-bwzfXH",
            "isStatic": true,
            "rules": Array [
              "
    height: 40px;
    cursor: pointer;
    transition-duration: 1s;
    border-bottom: 1px solid ",
              "#DADCDF",
              ";
    &:hover {
        background-color: ",
              "#DADCDF",
              ";
    }
",
            ],
          },
          "displayName": "Cell",
          "foldedComponentIds": Array [],
          "render": [Function],
          "styledComponentId": "sc-bwzfXH",
          "target": "div",
          "toString": [Function],
          "warnTooManyClasses": [Function],
          "withComponent": [Function],
        },
      },
      Object {
        "instance": null,
        "key": "24-cell",
        "nodeType": "function",
        "props": Object {
          "data-date": 27,
          "data-month": 1,
          "data-time": 24,
        },
        "ref": null,
        "rendered": null,
        "type": Object {
          "$$typeof": Symbol(react.forward_ref),
          "attrs": Array [],
          "componentStyle": ComponentStyle {
            "componentId": "sc-bwzfXH",
            "isStatic": true,
            "rules": Array [
              "
    height: 40px;
    cursor: pointer;
    transition-duration: 1s;
    border-bottom: 1px solid ",
              "#DADCDF",
              ";
    &:hover {
        background-color: ",
              "#DADCDF",
              ";
    }
",
            ],
          },
          "displayName": "Cell",
          "foldedComponentIds": Array [],
          "render": [Function],
          "styledComponentId": "sc-bwzfXH",
          "target": "div",
          "toString": [Function],
          "warnTooManyClasses": [Function],
          "withComponent": [Function],
        },
      },
      Object {
        "instance": null,
        "key": "1",
        "nodeType": "function",
        "props": Object {
          "children": Array [
            "귤 까기01",
            " ",
            10,
          ],
          "data-taskid": 1,
          "style": Object {
            "height": "40px",
            "top": "400px",
          },
        },
        "ref": null,
        "rendered": Array [
          "귤 까기01",
          " ",
          10,
        ],
        "type": Object {
          "$$typeof": Symbol(react.forward_ref),
          "Group": [Function],
          "__ANT_BUTTON": true,
          "attrs": Array [],
          "componentStyle": ComponentStyle {
            "componentId": "sc-htpNat",
            "isStatic": true,
            "rules": Array [
              "
    position: absolute;
    width: 100%;
    height: auto;
    left: 0;
",
            ],
          },
          "displayName": "Task",
          "foldedComponentIds": Array [],
          "render": [Function],
          "styledComponentId": "sc-htpNat",
          "target": [Function],
          "toString": [Function],
          "warnTooManyClasses": [Function],
          "withComponent": [Function],
          Symbol(Symbol.hasInstance): [Function],
        },
      },
      Object {
        "instance": null,
        "key": "1",
        "nodeType": "function",
        "props": Object {
          "children": Array [
            "귤 까기24",
            " ",
            9,
          ],
          "data-taskid": 1,
          "style": Object {
            "height": "400px",
            "top": "360px",
          },
        },
        "ref": null,
        "rendered": Array [
          "귤 까기24",
          " ",
          9,
        ],
        "type": Object {
          "$$typeof": Symbol(react.forward_ref),
          "Group": [Function],
          "__ANT_BUTTON": true,
          "attrs": Array [],
          "componentStyle": ComponentStyle {
            "componentId": "sc-htpNat",
            "isStatic": true,
            "rules": Array [
              "
    position: absolute;
    width: 100%;
    height: auto;
    left: 0;
",
            ],
          },
          "displayName": "Task",
          "foldedComponentIds": Array [],
          "render": [Function],
          "styledComponentId": "sc-htpNat",
          "target": [Function],
          "toString": [Function],
          "warnTooManyClasses": [Function],
          "withComponent": [Function],
          Symbol(Symbol.hasInstance): [Function],
        },
      },
      Object {
        "instance": null,
        "key": "1",
        "nodeType": "function",
        "props": Object {
          "children": Array [
            "귤 까기10",
            " ",
            19,
          ],
          "data-taskid": 1,
          "style": Object {
            "height": "80px",
            "top": "760px",
          },
        },
        "ref": null,
        "rendered": Array [
          "귤 까기10",
          " ",
          19,
        ],
        "type": Object {
          "$$typeof": Symbol(react.forward_ref),
          "Group": [Function],
          "__ANT_BUTTON": true,
          "attrs": Array [],
          "componentStyle": ComponentStyle {
            "componentId": "sc-htpNat",
            "isStatic": true,
            "rules": Array [
              "
    position: absolute;
    width: 100%;
    height: auto;
    left: 0;
",
            ],
          },
          "displayName": "Task",
          "foldedComponentIds": Array [],
          "render": [Function],
          "styledComponentId": "sc-htpNat",
          "target": [Function],
          "toString": [Function],
          "warnTooManyClasses": [Function],
          "withComponent": [Function],
          Symbol(Symbol.hasInstance): [Function],
        },
      },
      Object {
        "instance": null,
        "key": "1",
        "nodeType": "function",
        "props": Object {
          "children": Array [
            "귤 까기09",
            " ",
            18,
          ],
          "data-taskid": 1,
          "style": Object {
            "height": "120px",
            "top": "720px",
          },
        },
        "ref": null,
        "rendered": Array [
          "귤 까기09",
          " ",
          18,
        ],
        "type": Object {
          "$$typeof": Symbol(react.forward_ref),
          "Group": [Function],
          "__ANT_BUTTON": true,
          "attrs": Array [],
          "componentStyle": ComponentStyle {
            "componentId": "sc-htpNat",
            "isStatic": true,
            "rules": Array [
              "
    position: absolute;
    width: 100%;
    height: auto;
    left: 0;
",
            ],
          },
          "displayName": "Task",
          "foldedComponentIds": Array [],
          "render": [Function],
          "styledComponentId": "sc-htpNat",
          "target": [Function],
          "toString": [Function],
          "warnTooManyClasses": [Function],
          "withComponent": [Function],
          Symbol(Symbol.hasInstance): [Function],
        },
      },
      Object {
        "instance": null,
        "key": "1",
        "nodeType": "function",
        "props": Object {
          "children": Array [
            "귤 까기12",
            " ",
            21,
          ],
          "data-taskid": 1,
          "style": Object {
            "height": "160px",
            "top": "840px",
          },
        },
        "ref": null,
        "rendered": Array [
          "귤 까기12",
          " ",
          21,
        ],
        "type": Object {
          "$$typeof": Symbol(react.forward_ref),
          "Group": [Function],
          "__ANT_BUTTON": true,
          "attrs": Array [],
          "componentStyle": ComponentStyle {
            "componentId": "sc-htpNat",
            "isStatic": true,
            "rules": Array [
              "
    position: absolute;
    width: 100%;
    height: auto;
    left: 0;
",
            ],
          },
          "displayName": "Task",
          "foldedComponentIds": Array [],
          "render": [Function],
          "styledComponentId": "sc-htpNat",
          "target": [Function],
          "toString": [Function],
          "warnTooManyClasses": [Function],
          "withComponent": [Function],
          Symbol(Symbol.hasInstance): [Function],
        },
      },
    ],
    "type": Object {
      "$$typeof": Symbol(react.forward_ref),
      "attrs": Array [],
      "componentStyle": ComponentStyle {
        "componentId": "sc-bdVaJa",
        "isStatic": true,
        "rules": Array [
          "
    position: relative;
    flex: 1;
    &:not(:last-child) {
        border-right: 1px solid ",
          "#DADCDF",
          ";
    }
",
        ],
      },
      "displayName": "styled.div",
      "foldedComponentIds": Array [],
      "render": [Function],
      "styledComponentId": "sc-bdVaJa",
      "target": "div",
      "toString": [Function],
      "warnTooManyClasses": [Function],
      "withComponent": [Function],
    },
  },
  Symbol(enzyme.__nodes__): Array [
    Object {
      "instance": null,
      "key": undefined,
      "nodeType": "function",
      "props": Object {
        "children": Array [
          Array [
            <Unknown
              data-date={27}
              data-month={1}
              data-time={1}
/>,
            <Unknown
              data-date={27}
              data-month={1}
              data-time={2}
/>,
            <Unknown
              data-date={27}
              data-month={1}
              data-time={3}
/>,
            <Unknown
              data-date={27}
              data-month={1}
              data-time={4}
/>,
            <Unknown
              data-date={27}
              data-month={1}
              data-time={5}
/>,
            <Unknown
              data-date={27}
              data-month={1}
              data-time={6}
/>,
            <Unknown
              data-date={27}
              data-month={1}
              data-time={7}
/>,
            <Unknown
              data-date={27}
              data-month={1}
              data-time={8}
/>,
            <Unknown
              data-date={27}
              data-month={1}
              data-time={9}
/>,
            <Unknown
              data-date={27}
              data-month={1}
              data-time={10}
/>,
            <Unknown
              data-date={27}
              data-month={1}
              data-time={11}
/>,
            <Unknown
              data-date={27}
              data-month={1}
              data-time={12}
/>,
            <Unknown
              data-date={27}
              data-month={1}
              data-time={13}
/>,
            <Unknown
              data-date={27}
              data-month={1}
              data-time={14}
/>,
            <Unknown
              data-date={27}
              data-month={1}
              data-time={15}
/>,
            <Unknown
              data-date={27}
              data-month={1}
              data-time={16}
/>,
            <Unknown
              data-date={27}
              data-month={1}
              data-time={17}
/>,
            <Unknown
              data-date={27}
              data-month={1}
              data-time={18}
/>,
            <Unknown
              data-date={27}
              data-month={1}
              data-time={19}
/>,
            <Unknown
              data-date={27}
              data-month={1}
              data-time={20}
/>,
            <Unknown
              data-date={27}
              data-month={1}
              data-time={21}
/>,
            <Unknown
              data-date={27}
              data-month={1}
              data-time={22}
/>,
            <Unknown
              data-date={27}
              data-month={1}
              data-time={23}
/>,
            <Unknown
              data-date={27}
              data-month={1}
              data-time={24}
/>,
          ],
          Array [
            <Unknown
              data-taskid={1}
              style={
                            Object {
                                          "height": "40px",
                                          "top": "400px",
                                        }
              }
>
              귤 까기01
               
              10
</Unknown>,
            <Unknown
              data-taskid={1}
              style={
                            Object {
                                          "height": "400px",
                                          "top": "360px",
                                        }
              }
>
              귤 까기24
               
              9
</Unknown>,
            <Unknown
              data-taskid={1}
              style={
                            Object {
                                          "height": "80px",
                                          "top": "760px",
                                        }
              }
>
              귤 까기10
               
              19
</Unknown>,
            <Unknown
              data-taskid={1}
              style={
                            Object {
                                          "height": "120px",
                                          "top": "720px",
                                        }
              }
>
              귤 까기09
               
              18
</Unknown>,
            <Unknown
              data-taskid={1}
              style={
                            Object {
                                          "height": "160px",
                                          "top": "840px",
                                        }
              }
>
              귤 까기12
               
              21
</Unknown>,
          ],
        ],
      },
      "ref": null,
      "rendered": Array [
        Object {
          "instance": null,
          "key": "1-cell",
          "nodeType": "function",
          "props": Object {
            "data-date": 27,
            "data-month": 1,
            "data-time": 1,
          },
          "ref": null,
          "rendered": null,
          "type": Object {
            "$$typeof": Symbol(react.forward_ref),
            "attrs": Array [],
            "componentStyle": ComponentStyle {
              "componentId": "sc-bwzfXH",
              "isStatic": true,
              "rules": Array [
                "
    height: 40px;
    cursor: pointer;
    transition-duration: 1s;
    border-bottom: 1px solid ",
                "#DADCDF",
                ";
    &:hover {
        background-color: ",
                "#DADCDF",
                ";
    }
",
              ],
            },
            "displayName": "Cell",
            "foldedComponentIds": Array [],
            "render": [Function],
            "styledComponentId": "sc-bwzfXH",
            "target": "div",
            "toString": [Function],
            "warnTooManyClasses": [Function],
            "withComponent": [Function],
          },
        },
        Object {
          "instance": null,
          "key": "2-cell",
          "nodeType": "function",
          "props": Object {
            "data-date": 27,
            "data-month": 1,
            "data-time": 2,
          },
          "ref": null,
          "rendered": null,
          "type": Object {
            "$$typeof": Symbol(react.forward_ref),
            "attrs": Array [],
            "componentStyle": ComponentStyle {
              "componentId": "sc-bwzfXH",
              "isStatic": true,
              "rules": Array [
                "
    height: 40px;
    cursor: pointer;
    transition-duration: 1s;
    border-bottom: 1px solid ",
                "#DADCDF",
                ";
    &:hover {
        background-color: ",
                "#DADCDF",
                ";
    }
",
              ],
            },
            "displayName": "Cell",
            "foldedComponentIds": Array [],
            "render": [Function],
            "styledComponentId": "sc-bwzfXH",
            "target": "div",
            "toString": [Function],
            "warnTooManyClasses": [Function],
            "withComponent": [Function],
          },
        },
        Object {
          "instance": null,
          "key": "3-cell",
          "nodeType": "function",
          "props": Object {
            "data-date": 27,
            "data-month": 1,
            "data-time": 3,
          },
          "ref": null,
          "rendered": null,
          "type": Object {
            "$$typeof": Symbol(react.forward_ref),
            "attrs": Array [],
            "componentStyle": ComponentStyle {
              "componentId": "sc-bwzfXH",
              "isStatic": true,
              "rules": Array [
                "
    height: 40px;
    cursor: pointer;
    transition-duration: 1s;
    border-bottom: 1px solid ",
                "#DADCDF",
                ";
    &:hover {
        background-color: ",
                "#DADCDF",
                ";
    }
",
              ],
            },
            "displayName": "Cell",
            "foldedComponentIds": Array [],
            "render": [Function],
            "styledComponentId": "sc-bwzfXH",
            "target": "div",
            "toString": [Function],
            "warnTooManyClasses": [Function],
            "withComponent": [Function],
          },
        },
        Object {
          "instance": null,
          "key": "4-cell",
          "nodeType": "function",
          "props": Object {
            "data-date": 27,
            "data-month": 1,
            "data-time": 4,
          },
          "ref": null,
          "rendered": null,
          "type": Object {
            "$$typeof": Symbol(react.forward_ref),
            "attrs": Array [],
            "componentStyle": ComponentStyle {
              "componentId": "sc-bwzfXH",
              "isStatic": true,
              "rules": Array [
                "
    height: 40px;
    cursor: pointer;
    transition-duration: 1s;
    border-bottom: 1px solid ",
                "#DADCDF",
                ";
    &:hover {
        background-color: ",
                "#DADCDF",
                ";
    }
",
              ],
            },
            "displayName": "Cell",
            "foldedComponentIds": Array [],
            "render": [Function],
            "styledComponentId": "sc-bwzfXH",
            "target": "div",
            "toString": [Function],
            "warnTooManyClasses": [Function],
            "withComponent": [Function],
          },
        },
        Object {
          "instance": null,
          "key": "5-cell",
          "nodeType": "function",
          "props": Object {
            "data-date": 27,
            "data-month": 1,
            "data-time": 5,
          },
          "ref": null,
          "rendered": null,
          "type": Object {
            "$$typeof": Symbol(react.forward_ref),
            "attrs": Array [],
            "componentStyle": ComponentStyle {
              "componentId": "sc-bwzfXH",
              "isStatic": true,
              "rules": Array [
                "
    height: 40px;
    cursor: pointer;
    transition-duration: 1s;
    border-bottom: 1px solid ",
                "#DADCDF",
                ";
    &:hover {
        background-color: ",
                "#DADCDF",
                ";
    }
",
              ],
            },
            "displayName": "Cell",
            "foldedComponentIds": Array [],
            "render": [Function],
            "styledComponentId": "sc-bwzfXH",
            "target": "div",
            "toString": [Function],
            "warnTooManyClasses": [Function],
            "withComponent": [Function],
          },
        },
        Object {
          "instance": null,
          "key": "6-cell",
          "nodeType": "function",
          "props": Object {
            "data-date": 27,
            "data-month": 1,
            "data-time": 6,
          },
          "ref": null,
          "rendered": null,
          "type": Object {
            "$$typeof": Symbol(react.forward_ref),
            "attrs": Array [],
            "componentStyle": ComponentStyle {
              "componentId": "sc-bwzfXH",
              "isStatic": true,
              "rules": Array [
                "
    height: 40px;
    cursor: pointer;
    transition-duration: 1s;
    border-bottom: 1px solid ",
                "#DADCDF",
                ";
    &:hover {
        background-color: ",
                "#DADCDF",
                ";
    }
",
              ],
            },
            "displayName": "Cell",
            "foldedComponentIds": Array [],
            "render": [Function],
            "styledComponentId": "sc-bwzfXH",
            "target": "div",
            "toString": [Function],
            "warnTooManyClasses": [Function],
            "withComponent": [Function],
          },
        },
        Object {
          "instance": null,
          "key": "7-cell",
          "nodeType": "function",
          "props": Object {
            "data-date": 27,
            "data-month": 1,
            "data-time": 7,
          },
          "ref": null,
          "rendered": null,
          "type": Object {
            "$$typeof": Symbol(react.forward_ref),
            "attrs": Array [],
            "componentStyle": ComponentStyle {
              "componentId": "sc-bwzfXH",
              "isStatic": true,
              "rules": Array [
                "
    height: 40px;
    cursor: pointer;
    transition-duration: 1s;
    border-bottom: 1px solid ",
                "#DADCDF",
                ";
    &:hover {
        background-color: ",
                "#DADCDF",
                ";
    }
",
              ],
            },
            "displayName": "Cell",
            "foldedComponentIds": Array [],
            "render": [Function],
            "styledComponentId": "sc-bwzfXH",
            "target": "div",
            "toString": [Function],
            "warnTooManyClasses": [Function],
            "withComponent": [Function],
          },
        },
        Object {
          "instance": null,
          "key": "8-cell",
          "nodeType": "function",
          "props": Object {
            "data-date": 27,
            "data-month": 1,
            "data-time": 8,
          },
          "ref": null,
          "rendered": null,
          "type": Object {
            "$$typeof": Symbol(react.forward_ref),
            "attrs": Array [],
            "componentStyle": ComponentStyle {
              "componentId": "sc-bwzfXH",
              "isStatic": true,
              "rules": Array [
                "
    height: 40px;
    cursor: pointer;
    transition-duration: 1s;
    border-bottom: 1px solid ",
                "#DADCDF",
                ";
    &:hover {
        background-color: ",
                "#DADCDF",
                ";
    }
",
              ],
            },
            "displayName": "Cell",
            "foldedComponentIds": Array [],
            "render": [Function],
            "styledComponentId": "sc-bwzfXH",
            "target": "div",
            "toString": [Function],
            "warnTooManyClasses": [Function],
            "withComponent": [Function],
          },
        },
        Object {
          "instance": null,
          "key": "9-cell",
          "nodeType": "function",
          "props": Object {
            "data-date": 27,
            "data-month": 1,
            "data-time": 9,
          },
          "ref": null,
          "rendered": null,
          "type": Object {
            "$$typeof": Symbol(react.forward_ref),
            "attrs": Array [],
            "componentStyle": ComponentStyle {
              "componentId": "sc-bwzfXH",
              "isStatic": true,
              "rules": Array [
                "
    height: 40px;
    cursor: pointer;
    transition-duration: 1s;
    border-bottom: 1px solid ",
                "#DADCDF",
                ";
    &:hover {
        background-color: ",
                "#DADCDF",
                ";
    }
",
              ],
            },
            "displayName": "Cell",
            "foldedComponentIds": Array [],
            "render": [Function],
            "styledComponentId": "sc-bwzfXH",
            "target": "div",
            "toString": [Function],
            "warnTooManyClasses": [Function],
            "withComponent": [Function],
          },
        },
        Object {
          "instance": null,
          "key": "10-cell",
          "nodeType": "function",
          "props": Object {
            "data-date": 27,
            "data-month": 1,
            "data-time": 10,
          },
          "ref": null,
          "rendered": null,
          "type": Object {
            "$$typeof": Symbol(react.forward_ref),
            "attrs": Array [],
            "componentStyle": ComponentStyle {
              "componentId": "sc-bwzfXH",
              "isStatic": true,
              "rules": Array [
                "
    height: 40px;
    cursor: pointer;
    transition-duration: 1s;
    border-bottom: 1px solid ",
                "#DADCDF",
                ";
    &:hover {
        background-color: ",
                "#DADCDF",
                ";
    }
",
              ],
            },
            "displayName": "Cell",
            "foldedComponentIds": Array [],
            "render": [Function],
            "styledComponentId": "sc-bwzfXH",
            "target": "div",
            "toString": [Function],
            "warnTooManyClasses": [Function],
            "withComponent": [Function],
          },
        },
        Object {
          "instance": null,
          "key": "11-cell",
          "nodeType": "function",
          "props": Object {
            "data-date": 27,
            "data-month": 1,
            "data-time": 11,
          },
          "ref": null,
          "rendered": null,
          "type": Object {
            "$$typeof": Symbol(react.forward_ref),
            "attrs": Array [],
            "componentStyle": ComponentStyle {
              "componentId": "sc-bwzfXH",
              "isStatic": true,
              "rules": Array [
                "
    height: 40px;
    cursor: pointer;
    transition-duration: 1s;
    border-bottom: 1px solid ",
                "#DADCDF",
                ";
    &:hover {
        background-color: ",
                "#DADCDF",
                ";
    }
",
              ],
            },
            "displayName": "Cell",
            "foldedComponentIds": Array [],
            "render": [Function],
            "styledComponentId": "sc-bwzfXH",
            "target": "div",
            "toString": [Function],
            "warnTooManyClasses": [Function],
            "withComponent": [Function],
          },
        },
        Object {
          "instance": null,
          "key": "12-cell",
          "nodeType": "function",
          "props": Object {
            "data-date": 27,
            "data-month": 1,
            "data-time": 12,
          },
          "ref": null,
          "rendered": null,
          "type": Object {
            "$$typeof": Symbol(react.forward_ref),
            "attrs": Array [],
            "componentStyle": ComponentStyle {
              "componentId": "sc-bwzfXH",
              "isStatic": true,
              "rules": Array [
                "
    height: 40px;
    cursor: pointer;
    transition-duration: 1s;
    border-bottom: 1px solid ",
                "#DADCDF",
                ";
    &:hover {
        background-color: ",
                "#DADCDF",
                ";
    }
",
              ],
            },
            "displayName": "Cell",
            "foldedComponentIds": Array [],
            "render": [Function],
            "styledComponentId": "sc-bwzfXH",
            "target": "div",
            "toString": [Function],
            "warnTooManyClasses": [Function],
            "withComponent": [Function],
          },
        },
        Object {
          "instance": null,
          "key": "13-cell",
          "nodeType": "function",
          "props": Object {
            "data-date": 27,
            "data-month": 1,
            "data-time": 13,
          },
          "ref": null,
          "rendered": null,
          "type": Object {
            "$$typeof": Symbol(react.forward_ref),
            "attrs": Array [],
            "componentStyle": ComponentStyle {
              "componentId": "sc-bwzfXH",
              "isStatic": true,
              "rules": Array [
                "
    height: 40px;
    cursor: pointer;
    transition-duration: 1s;
    border-bottom: 1px solid ",
                "#DADCDF",
                ";
    &:hover {
        background-color: ",
                "#DADCDF",
                ";
    }
",
              ],
            },
            "displayName": "Cell",
            "foldedComponentIds": Array [],
            "render": [Function],
            "styledComponentId": "sc-bwzfXH",
            "target": "div",
            "toString": [Function],
            "warnTooManyClasses": [Function],
            "withComponent": [Function],
          },
        },
        Object {
          "instance": null,
          "key": "14-cell",
          "nodeType": "function",
          "props": Object {
            "data-date": 27,
            "data-month": 1,
            "data-time": 14,
          },
          "ref": null,
          "rendered": null,
          "type": Object {
            "$$typeof": Symbol(react.forward_ref),
            "attrs": Array [],
            "componentStyle": ComponentStyle {
              "componentId": "sc-bwzfXH",
              "isStatic": true,
              "rules": Array [
                "
    height: 40px;
    cursor: pointer;
    transition-duration: 1s;
    border-bottom: 1px solid ",
                "#DADCDF",
                ";
    &:hover {
        background-color: ",
                "#DADCDF",
                ";
    }
",
              ],
            },
            "displayName": "Cell",
            "foldedComponentIds": Array [],
            "render": [Function],
            "styledComponentId": "sc-bwzfXH",
            "target": "div",
            "toString": [Function],
            "warnTooManyClasses": [Function],
            "withComponent": [Function],
          },
        },
        Object {
          "instance": null,
          "key": "15-cell",
          "nodeType": "function",
          "props": Object {
            "data-date": 27,
            "data-month": 1,
            "data-time": 15,
          },
          "ref": null,
          "rendered": null,
          "type": Object {
            "$$typeof": Symbol(react.forward_ref),
            "attrs": Array [],
            "componentStyle": ComponentStyle {
              "componentId": "sc-bwzfXH",
              "isStatic": true,
              "rules": Array [
                "
    height: 40px;
    cursor: pointer;
    transition-duration: 1s;
    border-bottom: 1px solid ",
                "#DADCDF",
                ";
    &:hover {
        background-color: ",
                "#DADCDF",
                ";
    }
",
              ],
            },
            "displayName": "Cell",
            "foldedComponentIds": Array [],
            "render": [Function],
            "styledComponentId": "sc-bwzfXH",
            "target": "div",
            "toString": [Function],
            "warnTooManyClasses": [Function],
            "withComponent": [Function],
          },
        },
        Object {
          "instance": null,
          "key": "16-cell",
          "nodeType": "function",
          "props": Object {
            "data-date": 27,
            "data-month": 1,
            "data-time": 16,
          },
          "ref": null,
          "rendered": null,
          "type": Object {
            "$$typeof": Symbol(react.forward_ref),
            "attrs": Array [],
            "componentStyle": ComponentStyle {
              "componentId": "sc-bwzfXH",
              "isStatic": true,
              "rules": Array [
                "
    height: 40px;
    cursor: pointer;
    transition-duration: 1s;
    border-bottom: 1px solid ",
                "#DADCDF",
                ";
    &:hover {
        background-color: ",
                "#DADCDF",
                ";
    }
",
              ],
            },
            "displayName": "Cell",
            "foldedComponentIds": Array [],
            "render": [Function],
            "styledComponentId": "sc-bwzfXH",
            "target": "div",
            "toString": [Function],
            "warnTooManyClasses": [Function],
            "withComponent": [Function],
          },
        },
        Object {
          "instance": null,
          "key": "17-cell",
          "nodeType": "function",
          "props": Object {
            "data-date": 27,
            "data-month": 1,
            "data-time": 17,
          },
          "ref": null,
          "rendered": null,
          "type": Object {
            "$$typeof": Symbol(react.forward_ref),
            "attrs": Array [],
            "componentStyle": ComponentStyle {
              "componentId": "sc-bwzfXH",
              "isStatic": true,
              "rules": Array [
                "
    height: 40px;
    cursor: pointer;
    transition-duration: 1s;
    border-bottom: 1px solid ",
                "#DADCDF",
                ";
    &:hover {
        background-color: ",
                "#DADCDF",
                ";
    }
",
              ],
            },
            "displayName": "Cell",
            "foldedComponentIds": Array [],
            "render": [Function],
            "styledComponentId": "sc-bwzfXH",
            "target": "div",
            "toString": [Function],
            "warnTooManyClasses": [Function],
            "withComponent": [Function],
          },
        },
        Object {
          "instance": null,
          "key": "18-cell",
          "nodeType": "function",
          "props": Object {
            "data-date": 27,
            "data-month": 1,
            "data-time": 18,
          },
          "ref": null,
          "rendered": null,
          "type": Object {
            "$$typeof": Symbol(react.forward_ref),
            "attrs": Array [],
            "componentStyle": ComponentStyle {
              "componentId": "sc-bwzfXH",
              "isStatic": true,
              "rules": Array [
                "
    height: 40px;
    cursor: pointer;
    transition-duration: 1s;
    border-bottom: 1px solid ",
                "#DADCDF",
                ";
    &:hover {
        background-color: ",
                "#DADCDF",
                ";
    }
",
              ],
            },
            "displayName": "Cell",
            "foldedComponentIds": Array [],
            "render": [Function],
            "styledComponentId": "sc-bwzfXH",
            "target": "div",
            "toString": [Function],
            "warnTooManyClasses": [Function],
            "withComponent": [Function],
          },
        },
        Object {
          "instance": null,
          "key": "19-cell",
          "nodeType": "function",
          "props": Object {
            "data-date": 27,
            "data-month": 1,
            "data-time": 19,
          },
          "ref": null,
          "rendered": null,
          "type": Object {
            "$$typeof": Symbol(react.forward_ref),
            "attrs": Array [],
            "componentStyle": ComponentStyle {
              "componentId": "sc-bwzfXH",
              "isStatic": true,
              "rules": Array [
                "
    height: 40px;
    cursor: pointer;
    transition-duration: 1s;
    border-bottom: 1px solid ",
                "#DADCDF",
                ";
    &:hover {
        background-color: ",
                "#DADCDF",
                ";
    }
",
              ],
            },
            "displayName": "Cell",
            "foldedComponentIds": Array [],
            "render": [Function],
            "styledComponentId": "sc-bwzfXH",
            "target": "div",
            "toString": [Function],
            "warnTooManyClasses": [Function],
            "withComponent": [Function],
          },
        },
        Object {
          "instance": null,
          "key": "20-cell",
          "nodeType": "function",
          "props": Object {
            "data-date": 27,
            "data-month": 1,
            "data-time": 20,
          },
          "ref": null,
          "rendered": null,
          "type": Object {
            "$$typeof": Symbol(react.forward_ref),
            "attrs": Array [],
            "componentStyle": ComponentStyle {
              "componentId": "sc-bwzfXH",
              "isStatic": true,
              "rules": Array [
                "
    height: 40px;
    cursor: pointer;
    transition-duration: 1s;
    border-bottom: 1px solid ",
                "#DADCDF",
                ";
    &:hover {
        background-color: ",
                "#DADCDF",
                ";
    }
",
              ],
            },
            "displayName": "Cell",
            "foldedComponentIds": Array [],
            "render": [Function],
            "styledComponentId": "sc-bwzfXH",
            "target": "div",
            "toString": [Function],
            "warnTooManyClasses": [Function],
            "withComponent": [Function],
          },
        },
        Object {
          "instance": null,
          "key": "21-cell",
          "nodeType": "function",
          "props": Object {
            "data-date": 27,
            "data-month": 1,
            "data-time": 21,
          },
          "ref": null,
          "rendered": null,
          "type": Object {
            "$$typeof": Symbol(react.forward_ref),
            "attrs": Array [],
            "componentStyle": ComponentStyle {
              "componentId": "sc-bwzfXH",
              "isStatic": true,
              "rules": Array [
                "
    height: 40px;
    cursor: pointer;
    transition-duration: 1s;
    border-bottom: 1px solid ",
                "#DADCDF",
                ";
    &:hover {
        background-color: ",
                "#DADCDF",
                ";
    }
",
              ],
            },
            "displayName": "Cell",
            "foldedComponentIds": Array [],
            "render": [Function],
            "styledComponentId": "sc-bwzfXH",
            "target": "div",
            "toString": [Function],
            "warnTooManyClasses": [Function],
            "withComponent": [Function],
          },
        },
        Object {
          "instance": null,
          "key": "22-cell",
          "nodeType": "function",
          "props": Object {
            "data-date": 27,
            "data-month": 1,
            "data-time": 22,
          },
          "ref": null,
          "rendered": null,
          "type": Object {
            "$$typeof": Symbol(react.forward_ref),
            "attrs": Array [],
            "componentStyle": ComponentStyle {
              "componentId": "sc-bwzfXH",
              "isStatic": true,
              "rules": Array [
                "
    height: 40px;
    cursor: pointer;
    transition-duration: 1s;
    border-bottom: 1px solid ",
                "#DADCDF",
                ";
    &:hover {
        background-color: ",
                "#DADCDF",
                ";
    }
",
              ],
            },
            "displayName": "Cell",
            "foldedComponentIds": Array [],
            "render": [Function],
            "styledComponentId": "sc-bwzfXH",
            "target": "div",
            "toString": [Function],
            "warnTooManyClasses": [Function],
            "withComponent": [Function],
          },
        },
        Object {
          "instance": null,
          "key": "23-cell",
          "nodeType": "function",
          "props": Object {
            "data-date": 27,
            "data-month": 1,
            "data-time": 23,
          },
          "ref": null,
          "rendered": null,
          "type": Object {
            "$$typeof": Symbol(react.forward_ref),
            "attrs": Array [],
            "componentStyle": ComponentStyle {
              "componentId": "sc-bwzfXH",
              "isStatic": true,
              "rules": Array [
                "
    height: 40px;
    cursor: pointer;
    transition-duration: 1s;
    border-bottom: 1px solid ",
                "#DADCDF",
                ";
    &:hover {
        background-color: ",
                "#DADCDF",
                ";
    }
",
              ],
            },
            "displayName": "Cell",
            "foldedComponentIds": Array [],
            "render": [Function],
            "styledComponentId": "sc-bwzfXH",
            "target": "div",
            "toString": [Function],
            "warnTooManyClasses": [Function],
            "withComponent": [Function],
          },
        },
        Object {
          "instance": null,
          "key": "24-cell",
          "nodeType": "function",
          "props": Object {
            "data-date": 27,
            "data-month": 1,
            "data-time": 24,
          },
          "ref": null,
          "rendered": null,
          "type": Object {
            "$$typeof": Symbol(react.forward_ref),
            "attrs": Array [],
            "componentStyle": ComponentStyle {
              "componentId": "sc-bwzfXH",
              "isStatic": true,
              "rules": Array [
                "
    height: 40px;
    cursor: pointer;
    transition-duration: 1s;
    border-bottom: 1px solid ",
                "#DADCDF",
                ";
    &:hover {
        background-color: ",
                "#DADCDF",
                ";
    }
",
              ],
            },
            "displayName": "Cell",
            "foldedComponentIds": Array [],
            "render": [Function],
            "styledComponentId": "sc-bwzfXH",
            "target": "div",
            "toString": [Function],
            "warnTooManyClasses": [Function],
            "withComponent": [Function],
          },
        },
        Object {
          "instance": null,
          "key": "1",
          "nodeType": "function",
          "props": Object {
            "children": Array [
              "귤 까기01",
              " ",
              10,
            ],
            "data-taskid": 1,
            "style": Object {
              "height": "40px",
              "top": "400px",
            },
          },
          "ref": null,
          "rendered": Array [
            "귤 까기01",
            " ",
            10,
          ],
          "type": Object {
            "$$typeof": Symbol(react.forward_ref),
            "Group": [Function],
            "__ANT_BUTTON": true,
            "attrs": Array [],
            "componentStyle": ComponentStyle {
              "componentId": "sc-htpNat",
              "isStatic": true,
              "rules": Array [
                "
    position: absolute;
    width: 100%;
    height: auto;
    left: 0;
",
              ],
            },
            "displayName": "Task",
            "foldedComponentIds": Array [],
            "render": [Function],
            "styledComponentId": "sc-htpNat",
            "target": [Function],
            "toString": [Function],
            "warnTooManyClasses": [Function],
            "withComponent": [Function],
            Symbol(Symbol.hasInstance): [Function],
          },
        },
        Object {
          "instance": null,
          "key": "1",
          "nodeType": "function",
          "props": Object {
            "children": Array [
              "귤 까기24",
              " ",
              9,
            ],
            "data-taskid": 1,
            "style": Object {
              "height": "400px",
              "top": "360px",
            },
          },
          "ref": null,
          "rendered": Array [
            "귤 까기24",
            " ",
            9,
          ],
          "type": Object {
            "$$typeof": Symbol(react.forward_ref),
            "Group": [Function],
            "__ANT_BUTTON": true,
            "attrs": Array [],
            "componentStyle": ComponentStyle {
              "componentId": "sc-htpNat",
              "isStatic": true,
              "rules": Array [
                "
    position: absolute;
    width: 100%;
    height: auto;
    left: 0;
",
              ],
            },
            "displayName": "Task",
            "foldedComponentIds": Array [],
            "render": [Function],
            "styledComponentId": "sc-htpNat",
            "target": [Function],
            "toString": [Function],
            "warnTooManyClasses": [Function],
            "withComponent": [Function],
            Symbol(Symbol.hasInstance): [Function],
          },
        },
        Object {
          "instance": null,
          "key": "1",
          "nodeType": "function",
          "props": Object {
            "children": Array [
              "귤 까기10",
              " ",
              19,
            ],
            "data-taskid": 1,
            "style": Object {
              "height": "80px",
              "top": "760px",
            },
          },
          "ref": null,
          "rendered": Array [
            "귤 까기10",
            " ",
            19,
          ],
          "type": Object {
            "$$typeof": Symbol(react.forward_ref),
            "Group": [Function],
            "__ANT_BUTTON": true,
            "attrs": Array [],
            "componentStyle": ComponentStyle {
              "componentId": "sc-htpNat",
              "isStatic": true,
              "rules": Array [
                "
    position: absolute;
    width: 100%;
    height: auto;
    left: 0;
",
              ],
            },
            "displayName": "Task",
            "foldedComponentIds": Array [],
            "render": [Function],
            "styledComponentId": "sc-htpNat",
            "target": [Function],
            "toString": [Function],
            "warnTooManyClasses": [Function],
            "withComponent": [Function],
            Symbol(Symbol.hasInstance): [Function],
          },
        },
        Object {
          "instance": null,
          "key": "1",
          "nodeType": "function",
          "props": Object {
            "children": Array [
              "귤 까기09",
              " ",
              18,
            ],
            "data-taskid": 1,
            "style": Object {
              "height": "120px",
              "top": "720px",
            },
          },
          "ref": null,
          "rendered": Array [
            "귤 까기09",
            " ",
            18,
          ],
          "type": Object {
            "$$typeof": Symbol(react.forward_ref),
            "Group": [Function],
            "__ANT_BUTTON": true,
            "attrs": Array [],
            "componentStyle": ComponentStyle {
              "componentId": "sc-htpNat",
              "isStatic": true,
              "rules": Array [
                "
    position: absolute;
    width: 100%;
    height: auto;
    left: 0;
",
              ],
            },
            "displayName": "Task",
            "foldedComponentIds": Array [],
            "render": [Function],
            "styledComponentId": "sc-htpNat",
            "target": [Function],
            "toString": [Function],
            "warnTooManyClasses": [Function],
            "withComponent": [Function],
            Symbol(Symbol.hasInstance): [Function],
          },
        },
        Object {
          "instance": null,
          "key": "1",
          "nodeType": "function",
          "props": Object {
            "children": Array [
              "귤 까기12",
              " ",
              21,
            ],
            "data-taskid": 1,
            "style": Object {
              "height": "160px",
              "top": "840px",
            },
          },
          "ref": null,
          "rendered": Array [
            "귤 까기12",
            " ",
            21,
          ],
          "type": Object {
            "$$typeof": Symbol(react.forward_ref),
            "Group": [Function],
            "__ANT_BUTTON": true,
            "attrs": Array [],
            "componentStyle": ComponentStyle {
              "componentId": "sc-htpNat",
              "isStatic": true,
              "rules": Array [
                "
    position: absolute;
    width: 100%;
    height: auto;
    left: 0;
",
              ],
            },
            "displayName": "Task",
            "foldedComponentIds": Array [],
            "render": [Function],
            "styledComponentId": "sc-htpNat",
            "target": [Function],
            "toString": [Function],
            "warnTooManyClasses": [Function],
            "withComponent": [Function],
            Symbol(Symbol.hasInstance): [Function],
          },
        },
      ],
      "type": Object {
        "$$typeof": Symbol(react.forward_ref),
        "attrs": Array [],
        "componentStyle": ComponentStyle {
          "componentId": "sc-bdVaJa",
          "isStatic": true,
          "rules": Array [
            "
    position: relative;
    flex: 1;
    &:not(:last-child) {
        border-right: 1px solid ",
            "#DADCDF",
            ";
    }
",
          ],
        },
        "displayName": "styled.div",
        "foldedComponentIds": Array [],
        "render": [Function],
        "styledComponentId": "sc-bdVaJa",
        "target": "div",
        "toString": [Function],
        "warnTooManyClasses": [Function],
        "withComponent": [Function],
      },
    },
  ],
  Symbol(enzyme.__options__): Object {
    "adapter": ReactSixteenAdapter {
      "options": Object {
        "enableComponentDidUpdateOnSetState": true,
        "legacyContextMode": "parent",
        "lifecycles": Object {
          "componentDidUpdate": Object {
            "onSetState": true,
          },
          "getChildContext": Object {
            "calledByRenderer": false,
          },
          "getDerivedStateFromError": true,
          "getDerivedStateFromProps": Object {
            "hasShouldComponentUpdateBug": false,
          },
          "getSnapshotBeforeUpdate": true,
          "setState": Object {
            "skipsComponentDidUpdateOnNullish": true,
          },
        },
      },
    },
  },
}
`;
