// Jest Snapshot v1, https://goo.gl/fbAQLP

exports[`<MonthCalendar /> should match snapshot 1`] = `
ShallowWrapper {
  Symbol(enzyme.__root__): [Circular],
  Symbol(enzyme.__unrendered__): <Unknown
    currentMoment={"2014-02-27T10:00:00.000Z"}
    tasks={Array []}
/>,
  Symbol(enzyme.__renderer__): Object {
    "batchedUpdates": [Function],
    "checkPropTypes": [Function],
    "getNode": [Function],
    "render": [Function],
    "simulateError": [Function],
    "simulateEvent": [Function],
    "unmount": [Function],
  },
  Symbol(enzyme.__node__): Object {
    "instance": null,
    "key": undefined,
    "nodeType": "function",
    "props": Object {
      "children": Array [
        <Unknown>
          <Unknown>
                    26
          </Unknown>
          <Unknown>
                    27
          </Unknown>
          <Unknown>
                    28
          </Unknown>
          <Unknown>
                    29
          </Unknown>
          <Unknown>
                    30
          </Unknown>
          <Unknown>
                    31
          </Unknown>
          <Unknown>
                    1
          </Unknown>
</Unknown>,
        <Unknown>
          <Unknown>
                    2
          </Unknown>
          <Unknown>
                    3
          </Unknown>
          <Unknown>
                    4
          </Unknown>
          <Unknown>
                    5
          </Unknown>
          <Unknown>
                    6
          </Unknown>
          <Unknown>
                    7
          </Unknown>
          <Unknown>
                    8
          </Unknown>
</Unknown>,
        <Unknown>
          <Unknown>
                    9
          </Unknown>
          <Unknown>
                    10
          </Unknown>
          <Unknown>
                    11
          </Unknown>
          <Unknown>
                    12
          </Unknown>
          <Unknown>
                    13
          </Unknown>
          <Unknown>
                    14
          </Unknown>
          <Unknown>
                    15
          </Unknown>
</Unknown>,
        <Unknown>
          <Unknown>
                    16
          </Unknown>
          <Unknown>
                    17
          </Unknown>
          <Unknown>
                    18
          </Unknown>
          <Unknown>
                    19
          </Unknown>
          <Unknown>
                    20
          </Unknown>
          <Unknown>
                    21
          </Unknown>
          <Unknown>
                    22
          </Unknown>
</Unknown>,
        <Unknown>
          <Unknown>
                    23
          </Unknown>
          <Unknown>
                    24
          </Unknown>
          <Unknown>
                    25
          </Unknown>
          <Unknown>
                    26
          </Unknown>
          <Unknown>
                    27
          </Unknown>
          <Unknown>
                    28
          </Unknown>
          <Unknown>
                    1
          </Unknown>
</Unknown>,
      ],
    },
    "ref": null,
    "rendered": Array [
      Object {
        "instance": null,
        "key": "0",
        "nodeType": "function",
        "props": Object {
          "children": Array [
            <Unknown>
              26
</Unknown>,
            <Unknown>
              27
</Unknown>,
            <Unknown>
              28
</Unknown>,
            <Unknown>
              29
</Unknown>,
            <Unknown>
              30
</Unknown>,
            <Unknown>
              31
</Unknown>,
            <Unknown>
              1
</Unknown>,
          ],
        },
        "ref": null,
        "rendered": Array [
          Object {
            "instance": null,
            "key": "prev-26",
            "nodeType": "function",
            "props": Object {
              "children": 26,
            },
            "ref": null,
            "rendered": 26,
            "type": Object {
              "$$typeof": Symbol(react.forward_ref),
              "attrs": Array [],
              "componentStyle": ComponentStyle {
                "componentId": "sc-htpNat",
                "isStatic": true,
                "rules": Array [
                  "
    text-align: left;
    padding: 10px;
",
                ],
              },
              "displayName": "Day",
              "foldedComponentIds": Array [],
              "render": [Function],
              "styledComponentId": "sc-htpNat",
              "target": "div",
              "toString": [Function],
              "warnTooManyClasses": [Function],
              "withComponent": [Function],
            },
          },
          Object {
            "instance": null,
            "key": "prev-27",
            "nodeType": "function",
            "props": Object {
              "children": 27,
            },
            "ref": null,
            "rendered": 27,
            "type": Object {
              "$$typeof": Symbol(react.forward_ref),
              "attrs": Array [],
              "componentStyle": ComponentStyle {
                "componentId": "sc-htpNat",
                "isStatic": true,
                "rules": Array [
                  "
    text-align: left;
    padding: 10px;
",
                ],
              },
              "displayName": "Day",
              "foldedComponentIds": Array [],
              "render": [Function],
              "styledComponentId": "sc-htpNat",
              "target": "div",
              "toString": [Function],
              "warnTooManyClasses": [Function],
              "withComponent": [Function],
            },
          },
          Object {
            "instance": null,
            "key": "prev-28",
            "nodeType": "function",
            "props": Object {
              "children": 28,
            },
            "ref": null,
            "rendered": 28,
            "type": Object {
              "$$typeof": Symbol(react.forward_ref),
              "attrs": Array [],
              "componentStyle": ComponentStyle {
                "componentId": "sc-htpNat",
                "isStatic": true,
                "rules": Array [
                  "
    text-align: left;
    padding: 10px;
",
                ],
              },
              "displayName": "Day",
              "foldedComponentIds": Array [],
              "render": [Function],
              "styledComponentId": "sc-htpNat",
              "target": "div",
              "toString": [Function],
              "warnTooManyClasses": [Function],
              "withComponent": [Function],
            },
          },
          Object {
            "instance": null,
            "key": "prev-29",
            "nodeType": "function",
            "props": Object {
              "children": 29,
            },
            "ref": null,
            "rendered": 29,
            "type": Object {
              "$$typeof": Symbol(react.forward_ref),
              "attrs": Array [],
              "componentStyle": ComponentStyle {
                "componentId": "sc-htpNat",
                "isStatic": true,
                "rules": Array [
                  "
    text-align: left;
    padding: 10px;
",
                ],
              },
              "displayName": "Day",
              "foldedComponentIds": Array [],
              "render": [Function],
              "styledComponentId": "sc-htpNat",
              "target": "div",
              "toString": [Function],
              "warnTooManyClasses": [Function],
              "withComponent": [Function],
            },
          },
          Object {
            "instance": null,
            "key": "prev-30",
            "nodeType": "function",
            "props": Object {
              "children": 30,
            },
            "ref": null,
            "rendered": 30,
            "type": Object {
              "$$typeof": Symbol(react.forward_ref),
              "attrs": Array [],
              "componentStyle": ComponentStyle {
                "componentId": "sc-htpNat",
                "isStatic": true,
                "rules": Array [
                  "
    text-align: left;
    padding: 10px;
",
                ],
              },
              "displayName": "Day",
              "foldedComponentIds": Array [],
              "render": [Function],
              "styledComponentId": "sc-htpNat",
              "target": "div",
              "toString": [Function],
              "warnTooManyClasses": [Function],
              "withComponent": [Function],
            },
          },
          Object {
            "instance": null,
            "key": "prev-31",
            "nodeType": "function",
            "props": Object {
              "children": 31,
            },
            "ref": null,
            "rendered": 31,
            "type": Object {
              "$$typeof": Symbol(react.forward_ref),
              "attrs": Array [],
              "componentStyle": ComponentStyle {
                "componentId": "sc-htpNat",
                "isStatic": true,
                "rules": Array [
                  "
    text-align: left;
    padding: 10px;
",
                ],
              },
              "displayName": "Day",
              "foldedComponentIds": Array [],
              "render": [Function],
              "styledComponentId": "sc-htpNat",
              "target": "div",
              "toString": [Function],
              "warnTooManyClasses": [Function],
              "withComponent": [Function],
            },
          },
          Object {
            "instance": null,
            "key": "current-1",
            "nodeType": "function",
            "props": Object {
              "children": 1,
            },
            "ref": null,
            "rendered": 1,
            "type": Object {
              "$$typeof": Symbol(react.forward_ref),
              "attrs": Array [],
              "componentStyle": ComponentStyle {
                "componentId": "sc-htpNat",
                "isStatic": true,
                "rules": Array [
                  "
    text-align: left;
    padding: 10px;
",
                ],
              },
              "displayName": "Day",
              "foldedComponentIds": Array [],
              "render": [Function],
              "styledComponentId": "sc-htpNat",
              "target": "div",
              "toString": [Function],
              "warnTooManyClasses": [Function],
              "withComponent": [Function],
            },
          },
        ],
        "type": Object {
          "$$typeof": Symbol(react.forward_ref),
          "attrs": Array [],
          "componentStyle": ComponentStyle {
            "componentId": "sc-bwzfXH",
            "isStatic": true,
            "rules": Array [
              "
    position: relative;
    display: flex;
    border-bottom: 1px solid gray;
    & > * {
        flex: 1;
    }
    & > *:not(:last-child) {
        border-right: 1px solid gray;
    }
",
            ],
          },
          "displayName": "Row",
          "foldedComponentIds": Array [],
          "render": [Function],
          "styledComponentId": "sc-bwzfXH",
          "target": "div",
          "toString": [Function],
          "warnTooManyClasses": [Function],
          "withComponent": [Function],
        },
      },
      Object {
        "instance": null,
        "key": "1",
        "nodeType": "function",
        "props": Object {
          "children": Array [
            <Unknown>
              2
</Unknown>,
            <Unknown>
              3
</Unknown>,
            <Unknown>
              4
</Unknown>,
            <Unknown>
              5
</Unknown>,
            <Unknown>
              6
</Unknown>,
            <Unknown>
              7
</Unknown>,
            <Unknown>
              8
</Unknown>,
          ],
        },
        "ref": null,
        "rendered": Array [
          Object {
            "instance": null,
            "key": "current-2",
            "nodeType": "function",
            "props": Object {
              "children": 2,
            },
            "ref": null,
            "rendered": 2,
            "type": Object {
              "$$typeof": Symbol(react.forward_ref),
              "attrs": Array [],
              "componentStyle": ComponentStyle {
                "componentId": "sc-htpNat",
                "isStatic": true,
                "rules": Array [
                  "
    text-align: left;
    padding: 10px;
",
                ],
              },
              "displayName": "Day",
              "foldedComponentIds": Array [],
              "render": [Function],
              "styledComponentId": "sc-htpNat",
              "target": "div",
              "toString": [Function],
              "warnTooManyClasses": [Function],
              "withComponent": [Function],
            },
          },
          Object {
            "instance": null,
            "key": "current-3",
            "nodeType": "function",
            "props": Object {
              "children": 3,
            },
            "ref": null,
            "rendered": 3,
            "type": Object {
              "$$typeof": Symbol(react.forward_ref),
              "attrs": Array [],
              "componentStyle": ComponentStyle {
                "componentId": "sc-htpNat",
                "isStatic": true,
                "rules": Array [
                  "
    text-align: left;
    padding: 10px;
",
                ],
              },
              "displayName": "Day",
              "foldedComponentIds": Array [],
              "render": [Function],
              "styledComponentId": "sc-htpNat",
              "target": "div",
              "toString": [Function],
              "warnTooManyClasses": [Function],
              "withComponent": [Function],
            },
          },
          Object {
            "instance": null,
            "key": "current-4",
            "nodeType": "function",
            "props": Object {
              "children": 4,
            },
            "ref": null,
            "rendered": 4,
            "type": Object {
              "$$typeof": Symbol(react.forward_ref),
              "attrs": Array [],
              "componentStyle": ComponentStyle {
                "componentId": "sc-htpNat",
                "isStatic": true,
                "rules": Array [
                  "
    text-align: left;
    padding: 10px;
",
                ],
              },
              "displayName": "Day",
              "foldedComponentIds": Array [],
              "render": [Function],
              "styledComponentId": "sc-htpNat",
              "target": "div",
              "toString": [Function],
              "warnTooManyClasses": [Function],
              "withComponent": [Function],
            },
          },
          Object {
            "instance": null,
            "key": "current-5",
            "nodeType": "function",
            "props": Object {
              "children": 5,
            },
            "ref": null,
            "rendered": 5,
            "type": Object {
              "$$typeof": Symbol(react.forward_ref),
              "attrs": Array [],
              "componentStyle": ComponentStyle {
                "componentId": "sc-htpNat",
                "isStatic": true,
                "rules": Array [
                  "
    text-align: left;
    padding: 10px;
",
                ],
              },
              "displayName": "Day",
              "foldedComponentIds": Array [],
              "render": [Function],
              "styledComponentId": "sc-htpNat",
              "target": "div",
              "toString": [Function],
              "warnTooManyClasses": [Function],
              "withComponent": [Function],
            },
          },
          Object {
            "instance": null,
            "key": "current-6",
            "nodeType": "function",
            "props": Object {
              "children": 6,
            },
            "ref": null,
            "rendered": 6,
            "type": Object {
              "$$typeof": Symbol(react.forward_ref),
              "attrs": Array [],
              "componentStyle": ComponentStyle {
                "componentId": "sc-htpNat",
                "isStatic": true,
                "rules": Array [
                  "
    text-align: left;
    padding: 10px;
",
                ],
              },
              "displayName": "Day",
              "foldedComponentIds": Array [],
              "render": [Function],
              "styledComponentId": "sc-htpNat",
              "target": "div",
              "toString": [Function],
              "warnTooManyClasses": [Function],
              "withComponent": [Function],
            },
          },
          Object {
            "instance": null,
            "key": "current-7",
            "nodeType": "function",
            "props": Object {
              "children": 7,
            },
            "ref": null,
            "rendered": 7,
            "type": Object {
              "$$typeof": Symbol(react.forward_ref),
              "attrs": Array [],
              "componentStyle": ComponentStyle {
                "componentId": "sc-htpNat",
                "isStatic": true,
                "rules": Array [
                  "
    text-align: left;
    padding: 10px;
",
                ],
              },
              "displayName": "Day",
              "foldedComponentIds": Array [],
              "render": [Function],
              "styledComponentId": "sc-htpNat",
              "target": "div",
              "toString": [Function],
              "warnTooManyClasses": [Function],
              "withComponent": [Function],
            },
          },
          Object {
            "instance": null,
            "key": "current-8",
            "nodeType": "function",
            "props": Object {
              "children": 8,
            },
            "ref": null,
            "rendered": 8,
            "type": Object {
              "$$typeof": Symbol(react.forward_ref),
              "attrs": Array [],
              "componentStyle": ComponentStyle {
                "componentId": "sc-htpNat",
                "isStatic": true,
                "rules": Array [
                  "
    text-align: left;
    padding: 10px;
",
                ],
              },
              "displayName": "Day",
              "foldedComponentIds": Array [],
              "render": [Function],
              "styledComponentId": "sc-htpNat",
              "target": "div",
              "toString": [Function],
              "warnTooManyClasses": [Function],
              "withComponent": [Function],
            },
          },
        ],
        "type": Object {
          "$$typeof": Symbol(react.forward_ref),
          "attrs": Array [],
          "componentStyle": ComponentStyle {
            "componentId": "sc-bwzfXH",
            "isStatic": true,
            "rules": Array [
              "
    position: relative;
    display: flex;
    border-bottom: 1px solid gray;
    & > * {
        flex: 1;
    }
    & > *:not(:last-child) {
        border-right: 1px solid gray;
    }
",
            ],
          },
          "displayName": "Row",
          "foldedComponentIds": Array [],
          "render": [Function],
          "styledComponentId": "sc-bwzfXH",
          "target": "div",
          "toString": [Function],
          "warnTooManyClasses": [Function],
          "withComponent": [Function],
        },
      },
      Object {
        "instance": null,
        "key": "2",
        "nodeType": "function",
        "props": Object {
          "children": Array [
            <Unknown>
              9
</Unknown>,
            <Unknown>
              10
</Unknown>,
            <Unknown>
              11
</Unknown>,
            <Unknown>
              12
</Unknown>,
            <Unknown>
              13
</Unknown>,
            <Unknown>
              14
</Unknown>,
            <Unknown>
              15
</Unknown>,
          ],
        },
        "ref": null,
        "rendered": Array [
          Object {
            "instance": null,
            "key": "current-9",
            "nodeType": "function",
            "props": Object {
              "children": 9,
            },
            "ref": null,
            "rendered": 9,
            "type": Object {
              "$$typeof": Symbol(react.forward_ref),
              "attrs": Array [],
              "componentStyle": ComponentStyle {
                "componentId": "sc-htpNat",
                "isStatic": true,
                "rules": Array [
                  "
    text-align: left;
    padding: 10px;
",
                ],
              },
              "displayName": "Day",
              "foldedComponentIds": Array [],
              "render": [Function],
              "styledComponentId": "sc-htpNat",
              "target": "div",
              "toString": [Function],
              "warnTooManyClasses": [Function],
              "withComponent": [Function],
            },
          },
          Object {
            "instance": null,
            "key": "current-10",
            "nodeType": "function",
            "props": Object {
              "children": 10,
            },
            "ref": null,
            "rendered": 10,
            "type": Object {
              "$$typeof": Symbol(react.forward_ref),
              "attrs": Array [],
              "componentStyle": ComponentStyle {
                "componentId": "sc-htpNat",
                "isStatic": true,
                "rules": Array [
                  "
    text-align: left;
    padding: 10px;
",
                ],
              },
              "displayName": "Day",
              "foldedComponentIds": Array [],
              "render": [Function],
              "styledComponentId": "sc-htpNat",
              "target": "div",
              "toString": [Function],
              "warnTooManyClasses": [Function],
              "withComponent": [Function],
            },
          },
          Object {
            "instance": null,
            "key": "current-11",
            "nodeType": "function",
            "props": Object {
              "children": 11,
            },
            "ref": null,
            "rendered": 11,
            "type": Object {
              "$$typeof": Symbol(react.forward_ref),
              "attrs": Array [],
              "componentStyle": ComponentStyle {
                "componentId": "sc-htpNat",
                "isStatic": true,
                "rules": Array [
                  "
    text-align: left;
    padding: 10px;
",
                ],
              },
              "displayName": "Day",
              "foldedComponentIds": Array [],
              "render": [Function],
              "styledComponentId": "sc-htpNat",
              "target": "div",
              "toString": [Function],
              "warnTooManyClasses": [Function],
              "withComponent": [Function],
            },
          },
          Object {
            "instance": null,
            "key": "current-12",
            "nodeType": "function",
            "props": Object {
              "children": 12,
            },
            "ref": null,
            "rendered": 12,
            "type": Object {
              "$$typeof": Symbol(react.forward_ref),
              "attrs": Array [],
              "componentStyle": ComponentStyle {
                "componentId": "sc-htpNat",
                "isStatic": true,
                "rules": Array [
                  "
    text-align: left;
    padding: 10px;
",
                ],
              },
              "displayName": "Day",
              "foldedComponentIds": Array [],
              "render": [Function],
              "styledComponentId": "sc-htpNat",
              "target": "div",
              "toString": [Function],
              "warnTooManyClasses": [Function],
              "withComponent": [Function],
            },
          },
          Object {
            "instance": null,
            "key": "current-13",
            "nodeType": "function",
            "props": Object {
              "children": 13,
            },
            "ref": null,
            "rendered": 13,
            "type": Object {
              "$$typeof": Symbol(react.forward_ref),
              "attrs": Array [],
              "componentStyle": ComponentStyle {
                "componentId": "sc-htpNat",
                "isStatic": true,
                "rules": Array [
                  "
    text-align: left;
    padding: 10px;
",
                ],
              },
              "displayName": "Day",
              "foldedComponentIds": Array [],
              "render": [Function],
              "styledComponentId": "sc-htpNat",
              "target": "div",
              "toString": [Function],
              "warnTooManyClasses": [Function],
              "withComponent": [Function],
            },
          },
          Object {
            "instance": null,
            "key": "current-14",
            "nodeType": "function",
            "props": Object {
              "children": 14,
            },
            "ref": null,
            "rendered": 14,
            "type": Object {
              "$$typeof": Symbol(react.forward_ref),
              "attrs": Array [],
              "componentStyle": ComponentStyle {
                "componentId": "sc-htpNat",
                "isStatic": true,
                "rules": Array [
                  "
    text-align: left;
    padding: 10px;
",
                ],
              },
              "displayName": "Day",
              "foldedComponentIds": Array [],
              "render": [Function],
              "styledComponentId": "sc-htpNat",
              "target": "div",
              "toString": [Function],
              "warnTooManyClasses": [Function],
              "withComponent": [Function],
            },
          },
          Object {
            "instance": null,
            "key": "current-15",
            "nodeType": "function",
            "props": Object {
              "children": 15,
            },
            "ref": null,
            "rendered": 15,
            "type": Object {
              "$$typeof": Symbol(react.forward_ref),
              "attrs": Array [],
              "componentStyle": ComponentStyle {
                "componentId": "sc-htpNat",
                "isStatic": true,
                "rules": Array [
                  "
    text-align: left;
    padding: 10px;
",
                ],
              },
              "displayName": "Day",
              "foldedComponentIds": Array [],
              "render": [Function],
              "styledComponentId": "sc-htpNat",
              "target": "div",
              "toString": [Function],
              "warnTooManyClasses": [Function],
              "withComponent": [Function],
            },
          },
        ],
        "type": Object {
          "$$typeof": Symbol(react.forward_ref),
          "attrs": Array [],
          "componentStyle": ComponentStyle {
            "componentId": "sc-bwzfXH",
            "isStatic": true,
            "rules": Array [
              "
    position: relative;
    display: flex;
    border-bottom: 1px solid gray;
    & > * {
        flex: 1;
    }
    & > *:not(:last-child) {
        border-right: 1px solid gray;
    }
",
            ],
          },
          "displayName": "Row",
          "foldedComponentIds": Array [],
          "render": [Function],
          "styledComponentId": "sc-bwzfXH",
          "target": "div",
          "toString": [Function],
          "warnTooManyClasses": [Function],
          "withComponent": [Function],
        },
      },
      Object {
        "instance": null,
        "key": "3",
        "nodeType": "function",
        "props": Object {
          "children": Array [
            <Unknown>
              16
</Unknown>,
            <Unknown>
              17
</Unknown>,
            <Unknown>
              18
</Unknown>,
            <Unknown>
              19
</Unknown>,
            <Unknown>
              20
</Unknown>,
            <Unknown>
              21
</Unknown>,
            <Unknown>
              22
</Unknown>,
          ],
        },
        "ref": null,
        "rendered": Array [
          Object {
            "instance": null,
            "key": "current-16",
            "nodeType": "function",
            "props": Object {
              "children": 16,
            },
            "ref": null,
            "rendered": 16,
            "type": Object {
              "$$typeof": Symbol(react.forward_ref),
              "attrs": Array [],
              "componentStyle": ComponentStyle {
                "componentId": "sc-htpNat",
                "isStatic": true,
                "rules": Array [
                  "
    text-align: left;
    padding: 10px;
",
                ],
              },
              "displayName": "Day",
              "foldedComponentIds": Array [],
              "render": [Function],
              "styledComponentId": "sc-htpNat",
              "target": "div",
              "toString": [Function],
              "warnTooManyClasses": [Function],
              "withComponent": [Function],
            },
          },
          Object {
            "instance": null,
            "key": "current-17",
            "nodeType": "function",
            "props": Object {
              "children": 17,
            },
            "ref": null,
            "rendered": 17,
            "type": Object {
              "$$typeof": Symbol(react.forward_ref),
              "attrs": Array [],
              "componentStyle": ComponentStyle {
                "componentId": "sc-htpNat",
                "isStatic": true,
                "rules": Array [
                  "
    text-align: left;
    padding: 10px;
",
                ],
              },
              "displayName": "Day",
              "foldedComponentIds": Array [],
              "render": [Function],
              "styledComponentId": "sc-htpNat",
              "target": "div",
              "toString": [Function],
              "warnTooManyClasses": [Function],
              "withComponent": [Function],
            },
          },
          Object {
            "instance": null,
            "key": "current-18",
            "nodeType": "function",
            "props": Object {
              "children": 18,
            },
            "ref": null,
            "rendered": 18,
            "type": Object {
              "$$typeof": Symbol(react.forward_ref),
              "attrs": Array [],
              "componentStyle": ComponentStyle {
                "componentId": "sc-htpNat",
                "isStatic": true,
                "rules": Array [
                  "
    text-align: left;
    padding: 10px;
",
                ],
              },
              "displayName": "Day",
              "foldedComponentIds": Array [],
              "render": [Function],
              "styledComponentId": "sc-htpNat",
              "target": "div",
              "toString": [Function],
              "warnTooManyClasses": [Function],
              "withComponent": [Function],
            },
          },
          Object {
            "instance": null,
            "key": "current-19",
            "nodeType": "function",
            "props": Object {
              "children": 19,
            },
            "ref": null,
            "rendered": 19,
            "type": Object {
              "$$typeof": Symbol(react.forward_ref),
              "attrs": Array [],
              "componentStyle": ComponentStyle {
                "componentId": "sc-htpNat",
                "isStatic": true,
                "rules": Array [
                  "
    text-align: left;
    padding: 10px;
",
                ],
              },
              "displayName": "Day",
              "foldedComponentIds": Array [],
              "render": [Function],
              "styledComponentId": "sc-htpNat",
              "target": "div",
              "toString": [Function],
              "warnTooManyClasses": [Function],
              "withComponent": [Function],
            },
          },
          Object {
            "instance": null,
            "key": "current-20",
            "nodeType": "function",
            "props": Object {
              "children": 20,
            },
            "ref": null,
            "rendered": 20,
            "type": Object {
              "$$typeof": Symbol(react.forward_ref),
              "attrs": Array [],
              "componentStyle": ComponentStyle {
                "componentId": "sc-htpNat",
                "isStatic": true,
                "rules": Array [
                  "
    text-align: left;
    padding: 10px;
",
                ],
              },
              "displayName": "Day",
              "foldedComponentIds": Array [],
              "render": [Function],
              "styledComponentId": "sc-htpNat",
              "target": "div",
              "toString": [Function],
              "warnTooManyClasses": [Function],
              "withComponent": [Function],
            },
          },
          Object {
            "instance": null,
            "key": "current-21",
            "nodeType": "function",
            "props": Object {
              "children": 21,
            },
            "ref": null,
            "rendered": 21,
            "type": Object {
              "$$typeof": Symbol(react.forward_ref),
              "attrs": Array [],
              "componentStyle": ComponentStyle {
                "componentId": "sc-htpNat",
                "isStatic": true,
                "rules": Array [
                  "
    text-align: left;
    padding: 10px;
",
                ],
              },
              "displayName": "Day",
              "foldedComponentIds": Array [],
              "render": [Function],
              "styledComponentId": "sc-htpNat",
              "target": "div",
              "toString": [Function],
              "warnTooManyClasses": [Function],
              "withComponent": [Function],
            },
          },
          Object {
            "instance": null,
            "key": "current-22",
            "nodeType": "function",
            "props": Object {
              "children": 22,
            },
            "ref": null,
            "rendered": 22,
            "type": Object {
              "$$typeof": Symbol(react.forward_ref),
              "attrs": Array [],
              "componentStyle": ComponentStyle {
                "componentId": "sc-htpNat",
                "isStatic": true,
                "rules": Array [
                  "
    text-align: left;
    padding: 10px;
",
                ],
              },
              "displayName": "Day",
              "foldedComponentIds": Array [],
              "render": [Function],
              "styledComponentId": "sc-htpNat",
              "target": "div",
              "toString": [Function],
              "warnTooManyClasses": [Function],
              "withComponent": [Function],
            },
          },
        ],
        "type": Object {
          "$$typeof": Symbol(react.forward_ref),
          "attrs": Array [],
          "componentStyle": ComponentStyle {
            "componentId": "sc-bwzfXH",
            "isStatic": true,
            "rules": Array [
              "
    position: relative;
    display: flex;
    border-bottom: 1px solid gray;
    & > * {
        flex: 1;
    }
    & > *:not(:last-child) {
        border-right: 1px solid gray;
    }
",
            ],
          },
          "displayName": "Row",
          "foldedComponentIds": Array [],
          "render": [Function],
          "styledComponentId": "sc-bwzfXH",
          "target": "div",
          "toString": [Function],
          "warnTooManyClasses": [Function],
          "withComponent": [Function],
        },
      },
      Object {
        "instance": null,
        "key": "4",
        "nodeType": "function",
        "props": Object {
          "children": Array [
            <Unknown>
              23
</Unknown>,
            <Unknown>
              24
</Unknown>,
            <Unknown>
              25
</Unknown>,
            <Unknown>
              26
</Unknown>,
            <Unknown>
              27
</Unknown>,
            <Unknown>
              28
</Unknown>,
            <Unknown>
              1
</Unknown>,
          ],
        },
        "ref": null,
        "rendered": Array [
          Object {
            "instance": null,
            "key": "current-23",
            "nodeType": "function",
            "props": Object {
              "children": 23,
            },
            "ref": null,
            "rendered": 23,
            "type": Object {
              "$$typeof": Symbol(react.forward_ref),
              "attrs": Array [],
              "componentStyle": ComponentStyle {
                "componentId": "sc-htpNat",
                "isStatic": true,
                "rules": Array [
                  "
    text-align: left;
    padding: 10px;
",
                ],
              },
              "displayName": "Day",
              "foldedComponentIds": Array [],
              "render": [Function],
              "styledComponentId": "sc-htpNat",
              "target": "div",
              "toString": [Function],
              "warnTooManyClasses": [Function],
              "withComponent": [Function],
            },
          },
          Object {
            "instance": null,
            "key": "current-24",
            "nodeType": "function",
            "props": Object {
              "children": 24,
            },
            "ref": null,
            "rendered": 24,
            "type": Object {
              "$$typeof": Symbol(react.forward_ref),
              "attrs": Array [],
              "componentStyle": ComponentStyle {
                "componentId": "sc-htpNat",
                "isStatic": true,
                "rules": Array [
                  "
    text-align: left;
    padding: 10px;
",
                ],
              },
              "displayName": "Day",
              "foldedComponentIds": Array [],
              "render": [Function],
              "styledComponentId": "sc-htpNat",
              "target": "div",
              "toString": [Function],
              "warnTooManyClasses": [Function],
              "withComponent": [Function],
            },
          },
          Object {
            "instance": null,
            "key": "current-25",
            "nodeType": "function",
            "props": Object {
              "children": 25,
            },
            "ref": null,
            "rendered": 25,
            "type": Object {
              "$$typeof": Symbol(react.forward_ref),
              "attrs": Array [],
              "componentStyle": ComponentStyle {
                "componentId": "sc-htpNat",
                "isStatic": true,
                "rules": Array [
                  "
    text-align: left;
    padding: 10px;
",
                ],
              },
              "displayName": "Day",
              "foldedComponentIds": Array [],
              "render": [Function],
              "styledComponentId": "sc-htpNat",
              "target": "div",
              "toString": [Function],
              "warnTooManyClasses": [Function],
              "withComponent": [Function],
            },
          },
          Object {
            "instance": null,
            "key": "current-26",
            "nodeType": "function",
            "props": Object {
              "children": 26,
            },
            "ref": null,
            "rendered": 26,
            "type": Object {
              "$$typeof": Symbol(react.forward_ref),
              "attrs": Array [],
              "componentStyle": ComponentStyle {
                "componentId": "sc-htpNat",
                "isStatic": true,
                "rules": Array [
                  "
    text-align: left;
    padding: 10px;
",
                ],
              },
              "displayName": "Day",
              "foldedComponentIds": Array [],
              "render": [Function],
              "styledComponentId": "sc-htpNat",
              "target": "div",
              "toString": [Function],
              "warnTooManyClasses": [Function],
              "withComponent": [Function],
            },
          },
          Object {
            "instance": null,
            "key": "current-27",
            "nodeType": "function",
            "props": Object {
              "children": 27,
            },
            "ref": null,
            "rendered": 27,
            "type": Object {
              "$$typeof": Symbol(react.forward_ref),
              "attrs": Array [],
              "componentStyle": ComponentStyle {
                "componentId": "sc-htpNat",
                "isStatic": true,
                "rules": Array [
                  "
    text-align: left;
    padding: 10px;
",
                ],
              },
              "displayName": "Day",
              "foldedComponentIds": Array [],
              "render": [Function],
              "styledComponentId": "sc-htpNat",
              "target": "div",
              "toString": [Function],
              "warnTooManyClasses": [Function],
              "withComponent": [Function],
            },
          },
          Object {
            "instance": null,
            "key": "current-28",
            "nodeType": "function",
            "props": Object {
              "children": 28,
            },
            "ref": null,
            "rendered": 28,
            "type": Object {
              "$$typeof": Symbol(react.forward_ref),
              "attrs": Array [],
              "componentStyle": ComponentStyle {
                "componentId": "sc-htpNat",
                "isStatic": true,
                "rules": Array [
                  "
    text-align: left;
    padding: 10px;
",
                ],
              },
              "displayName": "Day",
              "foldedComponentIds": Array [],
              "render": [Function],
              "styledComponentId": "sc-htpNat",
              "target": "div",
              "toString": [Function],
              "warnTooManyClasses": [Function],
              "withComponent": [Function],
            },
          },
          Object {
            "instance": null,
            "key": "next-1",
            "nodeType": "function",
            "props": Object {
              "children": 1,
            },
            "ref": null,
            "rendered": 1,
            "type": Object {
              "$$typeof": Symbol(react.forward_ref),
              "attrs": Array [],
              "componentStyle": ComponentStyle {
                "componentId": "sc-htpNat",
                "isStatic": true,
                "rules": Array [
                  "
    text-align: left;
    padding: 10px;
",
                ],
              },
              "displayName": "Day",
              "foldedComponentIds": Array [],
              "render": [Function],
              "styledComponentId": "sc-htpNat",
              "target": "div",
              "toString": [Function],
              "warnTooManyClasses": [Function],
              "withComponent": [Function],
            },
          },
        ],
        "type": Object {
          "$$typeof": Symbol(react.forward_ref),
          "attrs": Array [],
          "componentStyle": ComponentStyle {
            "componentId": "sc-bwzfXH",
            "isStatic": true,
            "rules": Array [
              "
    position: relative;
    display: flex;
    border-bottom: 1px solid gray;
    & > * {
        flex: 1;
    }
    & > *:not(:last-child) {
        border-right: 1px solid gray;
    }
",
            ],
          },
          "displayName": "Row",
          "foldedComponentIds": Array [],
          "render": [Function],
          "styledComponentId": "sc-bwzfXH",
          "target": "div",
          "toString": [Function],
          "warnTooManyClasses": [Function],
          "withComponent": [Function],
        },
      },
    ],
    "type": Object {
      "$$typeof": Symbol(react.forward_ref),
      "attrs": Array [],
      "componentStyle": ComponentStyle {
        "componentId": "sc-bdVaJa",
        "isStatic": true,
        "rules": Array [
          "
    position: relative;
    display: flex;
    flex-flow: column;
    & > * {
        flex: 1;
    }
",
        ],
      },
      "displayName": "styled.div",
      "foldedComponentIds": Array [],
      "render": [Function],
      "styledComponentId": "sc-bdVaJa",
      "target": "div",
      "toString": [Function],
      "warnTooManyClasses": [Function],
      "withComponent": [Function],
    },
  },
  Symbol(enzyme.__nodes__): Array [
    Object {
      "instance": null,
      "key": undefined,
      "nodeType": "function",
      "props": Object {
        "children": Array [
          <Unknown>
            <Unknown>
                        26
            </Unknown>
            <Unknown>
                        27
            </Unknown>
            <Unknown>
                        28
            </Unknown>
            <Unknown>
                        29
            </Unknown>
            <Unknown>
                        30
            </Unknown>
            <Unknown>
                        31
            </Unknown>
            <Unknown>
                        1
            </Unknown>
</Unknown>,
          <Unknown>
            <Unknown>
                        2
            </Unknown>
            <Unknown>
                        3
            </Unknown>
            <Unknown>
                        4
            </Unknown>
            <Unknown>
                        5
            </Unknown>
            <Unknown>
                        6
            </Unknown>
            <Unknown>
                        7
            </Unknown>
            <Unknown>
                        8
            </Unknown>
</Unknown>,
          <Unknown>
            <Unknown>
                        9
            </Unknown>
            <Unknown>
                        10
            </Unknown>
            <Unknown>
                        11
            </Unknown>
            <Unknown>
                        12
            </Unknown>
            <Unknown>
                        13
            </Unknown>
            <Unknown>
                        14
            </Unknown>
            <Unknown>
                        15
            </Unknown>
</Unknown>,
          <Unknown>
            <Unknown>
                        16
            </Unknown>
            <Unknown>
                        17
            </Unknown>
            <Unknown>
                        18
            </Unknown>
            <Unknown>
                        19
            </Unknown>
            <Unknown>
                        20
            </Unknown>
            <Unknown>
                        21
            </Unknown>
            <Unknown>
                        22
            </Unknown>
</Unknown>,
          <Unknown>
            <Unknown>
                        23
            </Unknown>
            <Unknown>
                        24
            </Unknown>
            <Unknown>
                        25
            </Unknown>
            <Unknown>
                        26
            </Unknown>
            <Unknown>
                        27
            </Unknown>
            <Unknown>
                        28
            </Unknown>
            <Unknown>
                        1
            </Unknown>
</Unknown>,
        ],
      },
      "ref": null,
      "rendered": Array [
        Object {
          "instance": null,
          "key": "0",
          "nodeType": "function",
          "props": Object {
            "children": Array [
              <Unknown>
                26
</Unknown>,
              <Unknown>
                27
</Unknown>,
              <Unknown>
                28
</Unknown>,
              <Unknown>
                29
</Unknown>,
              <Unknown>
                30
</Unknown>,
              <Unknown>
                31
</Unknown>,
              <Unknown>
                1
</Unknown>,
            ],
          },
          "ref": null,
          "rendered": Array [
            Object {
              "instance": null,
              "key": "prev-26",
              "nodeType": "function",
              "props": Object {
                "children": 26,
              },
              "ref": null,
              "rendered": 26,
              "type": Object {
                "$$typeof": Symbol(react.forward_ref),
                "attrs": Array [],
                "componentStyle": ComponentStyle {
                  "componentId": "sc-htpNat",
                  "isStatic": true,
                  "rules": Array [
                    "
    text-align: left;
    padding: 10px;
",
                  ],
                },
                "displayName": "Day",
                "foldedComponentIds": Array [],
                "render": [Function],
                "styledComponentId": "sc-htpNat",
                "target": "div",
                "toString": [Function],
                "warnTooManyClasses": [Function],
                "withComponent": [Function],
              },
            },
            Object {
              "instance": null,
              "key": "prev-27",
              "nodeType": "function",
              "props": Object {
                "children": 27,
              },
              "ref": null,
              "rendered": 27,
              "type": Object {
                "$$typeof": Symbol(react.forward_ref),
                "attrs": Array [],
                "componentStyle": ComponentStyle {
                  "componentId": "sc-htpNat",
                  "isStatic": true,
                  "rules": Array [
                    "
    text-align: left;
    padding: 10px;
",
                  ],
                },
                "displayName": "Day",
                "foldedComponentIds": Array [],
                "render": [Function],
                "styledComponentId": "sc-htpNat",
                "target": "div",
                "toString": [Function],
                "warnTooManyClasses": [Function],
                "withComponent": [Function],
              },
            },
            Object {
              "instance": null,
              "key": "prev-28",
              "nodeType": "function",
              "props": Object {
                "children": 28,
              },
              "ref": null,
              "rendered": 28,
              "type": Object {
                "$$typeof": Symbol(react.forward_ref),
                "attrs": Array [],
                "componentStyle": ComponentStyle {
                  "componentId": "sc-htpNat",
                  "isStatic": true,
                  "rules": Array [
                    "
    text-align: left;
    padding: 10px;
",
                  ],
                },
                "displayName": "Day",
                "foldedComponentIds": Array [],
                "render": [Function],
                "styledComponentId": "sc-htpNat",
                "target": "div",
                "toString": [Function],
                "warnTooManyClasses": [Function],
                "withComponent": [Function],
              },
            },
            Object {
              "instance": null,
              "key": "prev-29",
              "nodeType": "function",
              "props": Object {
                "children": 29,
              },
              "ref": null,
              "rendered": 29,
              "type": Object {
                "$$typeof": Symbol(react.forward_ref),
                "attrs": Array [],
                "componentStyle": ComponentStyle {
                  "componentId": "sc-htpNat",
                  "isStatic": true,
                  "rules": Array [
                    "
    text-align: left;
    padding: 10px;
",
                  ],
                },
                "displayName": "Day",
                "foldedComponentIds": Array [],
                "render": [Function],
                "styledComponentId": "sc-htpNat",
                "target": "div",
                "toString": [Function],
                "warnTooManyClasses": [Function],
                "withComponent": [Function],
              },
            },
            Object {
              "instance": null,
              "key": "prev-30",
              "nodeType": "function",
              "props": Object {
                "children": 30,
              },
              "ref": null,
              "rendered": 30,
              "type": Object {
                "$$typeof": Symbol(react.forward_ref),
                "attrs": Array [],
                "componentStyle": ComponentStyle {
                  "componentId": "sc-htpNat",
                  "isStatic": true,
                  "rules": Array [
                    "
    text-align: left;
    padding: 10px;
",
                  ],
                },
                "displayName": "Day",
                "foldedComponentIds": Array [],
                "render": [Function],
                "styledComponentId": "sc-htpNat",
                "target": "div",
                "toString": [Function],
                "warnTooManyClasses": [Function],
                "withComponent": [Function],
              },
            },
            Object {
              "instance": null,
              "key": "prev-31",
              "nodeType": "function",
              "props": Object {
                "children": 31,
              },
              "ref": null,
              "rendered": 31,
              "type": Object {
                "$$typeof": Symbol(react.forward_ref),
                "attrs": Array [],
                "componentStyle": ComponentStyle {
                  "componentId": "sc-htpNat",
                  "isStatic": true,
                  "rules": Array [
                    "
    text-align: left;
    padding: 10px;
",
                  ],
                },
                "displayName": "Day",
                "foldedComponentIds": Array [],
                "render": [Function],
                "styledComponentId": "sc-htpNat",
                "target": "div",
                "toString": [Function],
                "warnTooManyClasses": [Function],
                "withComponent": [Function],
              },
            },
            Object {
              "instance": null,
              "key": "current-1",
              "nodeType": "function",
              "props": Object {
                "children": 1,
              },
              "ref": null,
              "rendered": 1,
              "type": Object {
                "$$typeof": Symbol(react.forward_ref),
                "attrs": Array [],
                "componentStyle": ComponentStyle {
                  "componentId": "sc-htpNat",
                  "isStatic": true,
                  "rules": Array [
                    "
    text-align: left;
    padding: 10px;
",
                  ],
                },
                "displayName": "Day",
                "foldedComponentIds": Array [],
                "render": [Function],
                "styledComponentId": "sc-htpNat",
                "target": "div",
                "toString": [Function],
                "warnTooManyClasses": [Function],
                "withComponent": [Function],
              },
            },
          ],
          "type": Object {
            "$$typeof": Symbol(react.forward_ref),
            "attrs": Array [],
            "componentStyle": ComponentStyle {
              "componentId": "sc-bwzfXH",
              "isStatic": true,
              "rules": Array [
                "
    position: relative;
    display: flex;
    border-bottom: 1px solid gray;
    & > * {
        flex: 1;
    }
    & > *:not(:last-child) {
        border-right: 1px solid gray;
    }
",
              ],
            },
            "displayName": "Row",
            "foldedComponentIds": Array [],
            "render": [Function],
            "styledComponentId": "sc-bwzfXH",
            "target": "div",
            "toString": [Function],
            "warnTooManyClasses": [Function],
            "withComponent": [Function],
          },
        },
        Object {
          "instance": null,
          "key": "1",
          "nodeType": "function",
          "props": Object {
            "children": Array [
              <Unknown>
                2
</Unknown>,
              <Unknown>
                3
</Unknown>,
              <Unknown>
                4
</Unknown>,
              <Unknown>
                5
</Unknown>,
              <Unknown>
                6
</Unknown>,
              <Unknown>
                7
</Unknown>,
              <Unknown>
                8
</Unknown>,
            ],
          },
          "ref": null,
          "rendered": Array [
            Object {
              "instance": null,
              "key": "current-2",
              "nodeType": "function",
              "props": Object {
                "children": 2,
              },
              "ref": null,
              "rendered": 2,
              "type": Object {
                "$$typeof": Symbol(react.forward_ref),
                "attrs": Array [],
                "componentStyle": ComponentStyle {
                  "componentId": "sc-htpNat",
                  "isStatic": true,
                  "rules": Array [
                    "
    text-align: left;
    padding: 10px;
",
                  ],
                },
                "displayName": "Day",
                "foldedComponentIds": Array [],
                "render": [Function],
                "styledComponentId": "sc-htpNat",
                "target": "div",
                "toString": [Function],
                "warnTooManyClasses": [Function],
                "withComponent": [Function],
              },
            },
            Object {
              "instance": null,
              "key": "current-3",
              "nodeType": "function",
              "props": Object {
                "children": 3,
              },
              "ref": null,
              "rendered": 3,
              "type": Object {
                "$$typeof": Symbol(react.forward_ref),
                "attrs": Array [],
                "componentStyle": ComponentStyle {
                  "componentId": "sc-htpNat",
                  "isStatic": true,
                  "rules": Array [
                    "
    text-align: left;
    padding: 10px;
",
                  ],
                },
                "displayName": "Day",
                "foldedComponentIds": Array [],
                "render": [Function],
                "styledComponentId": "sc-htpNat",
                "target": "div",
                "toString": [Function],
                "warnTooManyClasses": [Function],
                "withComponent": [Function],
              },
            },
            Object {
              "instance": null,
              "key": "current-4",
              "nodeType": "function",
              "props": Object {
                "children": 4,
              },
              "ref": null,
              "rendered": 4,
              "type": Object {
                "$$typeof": Symbol(react.forward_ref),
                "attrs": Array [],
                "componentStyle": ComponentStyle {
                  "componentId": "sc-htpNat",
                  "isStatic": true,
                  "rules": Array [
                    "
    text-align: left;
    padding: 10px;
",
                  ],
                },
                "displayName": "Day",
                "foldedComponentIds": Array [],
                "render": [Function],
                "styledComponentId": "sc-htpNat",
                "target": "div",
                "toString": [Function],
                "warnTooManyClasses": [Function],
                "withComponent": [Function],
              },
            },
            Object {
              "instance": null,
              "key": "current-5",
              "nodeType": "function",
              "props": Object {
                "children": 5,
              },
              "ref": null,
              "rendered": 5,
              "type": Object {
                "$$typeof": Symbol(react.forward_ref),
                "attrs": Array [],
                "componentStyle": ComponentStyle {
                  "componentId": "sc-htpNat",
                  "isStatic": true,
                  "rules": Array [
                    "
    text-align: left;
    padding: 10px;
",
                  ],
                },
                "displayName": "Day",
                "foldedComponentIds": Array [],
                "render": [Function],
                "styledComponentId": "sc-htpNat",
                "target": "div",
                "toString": [Function],
                "warnTooManyClasses": [Function],
                "withComponent": [Function],
              },
            },
            Object {
              "instance": null,
              "key": "current-6",
              "nodeType": "function",
              "props": Object {
                "children": 6,
              },
              "ref": null,
              "rendered": 6,
              "type": Object {
                "$$typeof": Symbol(react.forward_ref),
                "attrs": Array [],
                "componentStyle": ComponentStyle {
                  "componentId": "sc-htpNat",
                  "isStatic": true,
                  "rules": Array [
                    "
    text-align: left;
    padding: 10px;
",
                  ],
                },
                "displayName": "Day",
                "foldedComponentIds": Array [],
                "render": [Function],
                "styledComponentId": "sc-htpNat",
                "target": "div",
                "toString": [Function],
                "warnTooManyClasses": [Function],
                "withComponent": [Function],
              },
            },
            Object {
              "instance": null,
              "key": "current-7",
              "nodeType": "function",
              "props": Object {
                "children": 7,
              },
              "ref": null,
              "rendered": 7,
              "type": Object {
                "$$typeof": Symbol(react.forward_ref),
                "attrs": Array [],
                "componentStyle": ComponentStyle {
                  "componentId": "sc-htpNat",
                  "isStatic": true,
                  "rules": Array [
                    "
    text-align: left;
    padding: 10px;
",
                  ],
                },
                "displayName": "Day",
                "foldedComponentIds": Array [],
                "render": [Function],
                "styledComponentId": "sc-htpNat",
                "target": "div",
                "toString": [Function],
                "warnTooManyClasses": [Function],
                "withComponent": [Function],
              },
            },
            Object {
              "instance": null,
              "key": "current-8",
              "nodeType": "function",
              "props": Object {
                "children": 8,
              },
              "ref": null,
              "rendered": 8,
              "type": Object {
                "$$typeof": Symbol(react.forward_ref),
                "attrs": Array [],
                "componentStyle": ComponentStyle {
                  "componentId": "sc-htpNat",
                  "isStatic": true,
                  "rules": Array [
                    "
    text-align: left;
    padding: 10px;
",
                  ],
                },
                "displayName": "Day",
                "foldedComponentIds": Array [],
                "render": [Function],
                "styledComponentId": "sc-htpNat",
                "target": "div",
                "toString": [Function],
                "warnTooManyClasses": [Function],
                "withComponent": [Function],
              },
            },
          ],
          "type": Object {
            "$$typeof": Symbol(react.forward_ref),
            "attrs": Array [],
            "componentStyle": ComponentStyle {
              "componentId": "sc-bwzfXH",
              "isStatic": true,
              "rules": Array [
                "
    position: relative;
    display: flex;
    border-bottom: 1px solid gray;
    & > * {
        flex: 1;
    }
    & > *:not(:last-child) {
        border-right: 1px solid gray;
    }
",
              ],
            },
            "displayName": "Row",
            "foldedComponentIds": Array [],
            "render": [Function],
            "styledComponentId": "sc-bwzfXH",
            "target": "div",
            "toString": [Function],
            "warnTooManyClasses": [Function],
            "withComponent": [Function],
          },
        },
        Object {
          "instance": null,
          "key": "2",
          "nodeType": "function",
          "props": Object {
            "children": Array [
              <Unknown>
                9
</Unknown>,
              <Unknown>
                10
</Unknown>,
              <Unknown>
                11
</Unknown>,
              <Unknown>
                12
</Unknown>,
              <Unknown>
                13
</Unknown>,
              <Unknown>
                14
</Unknown>,
              <Unknown>
                15
</Unknown>,
            ],
          },
          "ref": null,
          "rendered": Array [
            Object {
              "instance": null,
              "key": "current-9",
              "nodeType": "function",
              "props": Object {
                "children": 9,
              },
              "ref": null,
              "rendered": 9,
              "type": Object {
                "$$typeof": Symbol(react.forward_ref),
                "attrs": Array [],
                "componentStyle": ComponentStyle {
                  "componentId": "sc-htpNat",
                  "isStatic": true,
                  "rules": Array [
                    "
    text-align: left;
    padding: 10px;
",
                  ],
                },
                "displayName": "Day",
                "foldedComponentIds": Array [],
                "render": [Function],
                "styledComponentId": "sc-htpNat",
                "target": "div",
                "toString": [Function],
                "warnTooManyClasses": [Function],
                "withComponent": [Function],
              },
            },
            Object {
              "instance": null,
              "key": "current-10",
              "nodeType": "function",
              "props": Object {
                "children": 10,
              },
              "ref": null,
              "rendered": 10,
              "type": Object {
                "$$typeof": Symbol(react.forward_ref),
                "attrs": Array [],
                "componentStyle": ComponentStyle {
                  "componentId": "sc-htpNat",
                  "isStatic": true,
                  "rules": Array [
                    "
    text-align: left;
    padding: 10px;
",
                  ],
                },
                "displayName": "Day",
                "foldedComponentIds": Array [],
                "render": [Function],
                "styledComponentId": "sc-htpNat",
                "target": "div",
                "toString": [Function],
                "warnTooManyClasses": [Function],
                "withComponent": [Function],
              },
            },
            Object {
              "instance": null,
              "key": "current-11",
              "nodeType": "function",
              "props": Object {
                "children": 11,
              },
              "ref": null,
              "rendered": 11,
              "type": Object {
                "$$typeof": Symbol(react.forward_ref),
                "attrs": Array [],
                "componentStyle": ComponentStyle {
                  "componentId": "sc-htpNat",
                  "isStatic": true,
                  "rules": Array [
                    "
    text-align: left;
    padding: 10px;
",
                  ],
                },
                "displayName": "Day",
                "foldedComponentIds": Array [],
                "render": [Function],
                "styledComponentId": "sc-htpNat",
                "target": "div",
                "toString": [Function],
                "warnTooManyClasses": [Function],
                "withComponent": [Function],
              },
            },
            Object {
              "instance": null,
              "key": "current-12",
              "nodeType": "function",
              "props": Object {
                "children": 12,
              },
              "ref": null,
              "rendered": 12,
              "type": Object {
                "$$typeof": Symbol(react.forward_ref),
                "attrs": Array [],
                "componentStyle": ComponentStyle {
                  "componentId": "sc-htpNat",
                  "isStatic": true,
                  "rules": Array [
                    "
    text-align: left;
    padding: 10px;
",
                  ],
                },
                "displayName": "Day",
                "foldedComponentIds": Array [],
                "render": [Function],
                "styledComponentId": "sc-htpNat",
                "target": "div",
                "toString": [Function],
                "warnTooManyClasses": [Function],
                "withComponent": [Function],
              },
            },
            Object {
              "instance": null,
              "key": "current-13",
              "nodeType": "function",
              "props": Object {
                "children": 13,
              },
              "ref": null,
              "rendered": 13,
              "type": Object {
                "$$typeof": Symbol(react.forward_ref),
                "attrs": Array [],
                "componentStyle": ComponentStyle {
                  "componentId": "sc-htpNat",
                  "isStatic": true,
                  "rules": Array [
                    "
    text-align: left;
    padding: 10px;
",
                  ],
                },
                "displayName": "Day",
                "foldedComponentIds": Array [],
                "render": [Function],
                "styledComponentId": "sc-htpNat",
                "target": "div",
                "toString": [Function],
                "warnTooManyClasses": [Function],
                "withComponent": [Function],
              },
            },
            Object {
              "instance": null,
              "key": "current-14",
              "nodeType": "function",
              "props": Object {
                "children": 14,
              },
              "ref": null,
              "rendered": 14,
              "type": Object {
                "$$typeof": Symbol(react.forward_ref),
                "attrs": Array [],
                "componentStyle": ComponentStyle {
                  "componentId": "sc-htpNat",
                  "isStatic": true,
                  "rules": Array [
                    "
    text-align: left;
    padding: 10px;
",
                  ],
                },
                "displayName": "Day",
                "foldedComponentIds": Array [],
                "render": [Function],
                "styledComponentId": "sc-htpNat",
                "target": "div",
                "toString": [Function],
                "warnTooManyClasses": [Function],
                "withComponent": [Function],
              },
            },
            Object {
              "instance": null,
              "key": "current-15",
              "nodeType": "function",
              "props": Object {
                "children": 15,
              },
              "ref": null,
              "rendered": 15,
              "type": Object {
                "$$typeof": Symbol(react.forward_ref),
                "attrs": Array [],
                "componentStyle": ComponentStyle {
                  "componentId": "sc-htpNat",
                  "isStatic": true,
                  "rules": Array [
                    "
    text-align: left;
    padding: 10px;
",
                  ],
                },
                "displayName": "Day",
                "foldedComponentIds": Array [],
                "render": [Function],
                "styledComponentId": "sc-htpNat",
                "target": "div",
                "toString": [Function],
                "warnTooManyClasses": [Function],
                "withComponent": [Function],
              },
            },
          ],
          "type": Object {
            "$$typeof": Symbol(react.forward_ref),
            "attrs": Array [],
            "componentStyle": ComponentStyle {
              "componentId": "sc-bwzfXH",
              "isStatic": true,
              "rules": Array [
                "
    position: relative;
    display: flex;
    border-bottom: 1px solid gray;
    & > * {
        flex: 1;
    }
    & > *:not(:last-child) {
        border-right: 1px solid gray;
    }
",
              ],
            },
            "displayName": "Row",
            "foldedComponentIds": Array [],
            "render": [Function],
            "styledComponentId": "sc-bwzfXH",
            "target": "div",
            "toString": [Function],
            "warnTooManyClasses": [Function],
            "withComponent": [Function],
          },
        },
        Object {
          "instance": null,
          "key": "3",
          "nodeType": "function",
          "props": Object {
            "children": Array [
              <Unknown>
                16
</Unknown>,
              <Unknown>
                17
</Unknown>,
              <Unknown>
                18
</Unknown>,
              <Unknown>
                19
</Unknown>,
              <Unknown>
                20
</Unknown>,
              <Unknown>
                21
</Unknown>,
              <Unknown>
                22
</Unknown>,
            ],
          },
          "ref": null,
          "rendered": Array [
            Object {
              "instance": null,
              "key": "current-16",
              "nodeType": "function",
              "props": Object {
                "children": 16,
              },
              "ref": null,
              "rendered": 16,
              "type": Object {
                "$$typeof": Symbol(react.forward_ref),
                "attrs": Array [],
                "componentStyle": ComponentStyle {
                  "componentId": "sc-htpNat",
                  "isStatic": true,
                  "rules": Array [
                    "
    text-align: left;
    padding: 10px;
",
                  ],
                },
                "displayName": "Day",
                "foldedComponentIds": Array [],
                "render": [Function],
                "styledComponentId": "sc-htpNat",
                "target": "div",
                "toString": [Function],
                "warnTooManyClasses": [Function],
                "withComponent": [Function],
              },
            },
            Object {
              "instance": null,
              "key": "current-17",
              "nodeType": "function",
              "props": Object {
                "children": 17,
              },
              "ref": null,
              "rendered": 17,
              "type": Object {
                "$$typeof": Symbol(react.forward_ref),
                "attrs": Array [],
                "componentStyle": ComponentStyle {
                  "componentId": "sc-htpNat",
                  "isStatic": true,
                  "rules": Array [
                    "
    text-align: left;
    padding: 10px;
",
                  ],
                },
                "displayName": "Day",
                "foldedComponentIds": Array [],
                "render": [Function],
                "styledComponentId": "sc-htpNat",
                "target": "div",
                "toString": [Function],
                "warnTooManyClasses": [Function],
                "withComponent": [Function],
              },
            },
            Object {
              "instance": null,
              "key": "current-18",
              "nodeType": "function",
              "props": Object {
                "children": 18,
              },
              "ref": null,
              "rendered": 18,
              "type": Object {
                "$$typeof": Symbol(react.forward_ref),
                "attrs": Array [],
                "componentStyle": ComponentStyle {
                  "componentId": "sc-htpNat",
                  "isStatic": true,
                  "rules": Array [
                    "
    text-align: left;
    padding: 10px;
",
                  ],
                },
                "displayName": "Day",
                "foldedComponentIds": Array [],
                "render": [Function],
                "styledComponentId": "sc-htpNat",
                "target": "div",
                "toString": [Function],
                "warnTooManyClasses": [Function],
                "withComponent": [Function],
              },
            },
            Object {
              "instance": null,
              "key": "current-19",
              "nodeType": "function",
              "props": Object {
                "children": 19,
              },
              "ref": null,
              "rendered": 19,
              "type": Object {
                "$$typeof": Symbol(react.forward_ref),
                "attrs": Array [],
                "componentStyle": ComponentStyle {
                  "componentId": "sc-htpNat",
                  "isStatic": true,
                  "rules": Array [
                    "
    text-align: left;
    padding: 10px;
",
                  ],
                },
                "displayName": "Day",
                "foldedComponentIds": Array [],
                "render": [Function],
                "styledComponentId": "sc-htpNat",
                "target": "div",
                "toString": [Function],
                "warnTooManyClasses": [Function],
                "withComponent": [Function],
              },
            },
            Object {
              "instance": null,
              "key": "current-20",
              "nodeType": "function",
              "props": Object {
                "children": 20,
              },
              "ref": null,
              "rendered": 20,
              "type": Object {
                "$$typeof": Symbol(react.forward_ref),
                "attrs": Array [],
                "componentStyle": ComponentStyle {
                  "componentId": "sc-htpNat",
                  "isStatic": true,
                  "rules": Array [
                    "
    text-align: left;
    padding: 10px;
",
                  ],
                },
                "displayName": "Day",
                "foldedComponentIds": Array [],
                "render": [Function],
                "styledComponentId": "sc-htpNat",
                "target": "div",
                "toString": [Function],
                "warnTooManyClasses": [Function],
                "withComponent": [Function],
              },
            },
            Object {
              "instance": null,
              "key": "current-21",
              "nodeType": "function",
              "props": Object {
                "children": 21,
              },
              "ref": null,
              "rendered": 21,
              "type": Object {
                "$$typeof": Symbol(react.forward_ref),
                "attrs": Array [],
                "componentStyle": ComponentStyle {
                  "componentId": "sc-htpNat",
                  "isStatic": true,
                  "rules": Array [
                    "
    text-align: left;
    padding: 10px;
",
                  ],
                },
                "displayName": "Day",
                "foldedComponentIds": Array [],
                "render": [Function],
                "styledComponentId": "sc-htpNat",
                "target": "div",
                "toString": [Function],
                "warnTooManyClasses": [Function],
                "withComponent": [Function],
              },
            },
            Object {
              "instance": null,
              "key": "current-22",
              "nodeType": "function",
              "props": Object {
                "children": 22,
              },
              "ref": null,
              "rendered": 22,
              "type": Object {
                "$$typeof": Symbol(react.forward_ref),
                "attrs": Array [],
                "componentStyle": ComponentStyle {
                  "componentId": "sc-htpNat",
                  "isStatic": true,
                  "rules": Array [
                    "
    text-align: left;
    padding: 10px;
",
                  ],
                },
                "displayName": "Day",
                "foldedComponentIds": Array [],
                "render": [Function],
                "styledComponentId": "sc-htpNat",
                "target": "div",
                "toString": [Function],
                "warnTooManyClasses": [Function],
                "withComponent": [Function],
              },
            },
          ],
          "type": Object {
            "$$typeof": Symbol(react.forward_ref),
            "attrs": Array [],
            "componentStyle": ComponentStyle {
              "componentId": "sc-bwzfXH",
              "isStatic": true,
              "rules": Array [
                "
    position: relative;
    display: flex;
    border-bottom: 1px solid gray;
    & > * {
        flex: 1;
    }
    & > *:not(:last-child) {
        border-right: 1px solid gray;
    }
",
              ],
            },
            "displayName": "Row",
            "foldedComponentIds": Array [],
            "render": [Function],
            "styledComponentId": "sc-bwzfXH",
            "target": "div",
            "toString": [Function],
            "warnTooManyClasses": [Function],
            "withComponent": [Function],
          },
        },
        Object {
          "instance": null,
          "key": "4",
          "nodeType": "function",
          "props": Object {
            "children": Array [
              <Unknown>
                23
</Unknown>,
              <Unknown>
                24
</Unknown>,
              <Unknown>
                25
</Unknown>,
              <Unknown>
                26
</Unknown>,
              <Unknown>
                27
</Unknown>,
              <Unknown>
                28
</Unknown>,
              <Unknown>
                1
</Unknown>,
            ],
          },
          "ref": null,
          "rendered": Array [
            Object {
              "instance": null,
              "key": "current-23",
              "nodeType": "function",
              "props": Object {
                "children": 23,
              },
              "ref": null,
              "rendered": 23,
              "type": Object {
                "$$typeof": Symbol(react.forward_ref),
                "attrs": Array [],
                "componentStyle": ComponentStyle {
                  "componentId": "sc-htpNat",
                  "isStatic": true,
                  "rules": Array [
                    "
    text-align: left;
    padding: 10px;
",
                  ],
                },
                "displayName": "Day",
                "foldedComponentIds": Array [],
                "render": [Function],
                "styledComponentId": "sc-htpNat",
                "target": "div",
                "toString": [Function],
                "warnTooManyClasses": [Function],
                "withComponent": [Function],
              },
            },
            Object {
              "instance": null,
              "key": "current-24",
              "nodeType": "function",
              "props": Object {
                "children": 24,
              },
              "ref": null,
              "rendered": 24,
              "type": Object {
                "$$typeof": Symbol(react.forward_ref),
                "attrs": Array [],
                "componentStyle": ComponentStyle {
                  "componentId": "sc-htpNat",
                  "isStatic": true,
                  "rules": Array [
                    "
    text-align: left;
    padding: 10px;
",
                  ],
                },
                "displayName": "Day",
                "foldedComponentIds": Array [],
                "render": [Function],
                "styledComponentId": "sc-htpNat",
                "target": "div",
                "toString": [Function],
                "warnTooManyClasses": [Function],
                "withComponent": [Function],
              },
            },
            Object {
              "instance": null,
              "key": "current-25",
              "nodeType": "function",
              "props": Object {
                "children": 25,
              },
              "ref": null,
              "rendered": 25,
              "type": Object {
                "$$typeof": Symbol(react.forward_ref),
                "attrs": Array [],
                "componentStyle": ComponentStyle {
                  "componentId": "sc-htpNat",
                  "isStatic": true,
                  "rules": Array [
                    "
    text-align: left;
    padding: 10px;
",
                  ],
                },
                "displayName": "Day",
                "foldedComponentIds": Array [],
                "render": [Function],
                "styledComponentId": "sc-htpNat",
                "target": "div",
                "toString": [Function],
                "warnTooManyClasses": [Function],
                "withComponent": [Function],
              },
            },
            Object {
              "instance": null,
              "key": "current-26",
              "nodeType": "function",
              "props": Object {
                "children": 26,
              },
              "ref": null,
              "rendered": 26,
              "type": Object {
                "$$typeof": Symbol(react.forward_ref),
                "attrs": Array [],
                "componentStyle": ComponentStyle {
                  "componentId": "sc-htpNat",
                  "isStatic": true,
                  "rules": Array [
                    "
    text-align: left;
    padding: 10px;
",
                  ],
                },
                "displayName": "Day",
                "foldedComponentIds": Array [],
                "render": [Function],
                "styledComponentId": "sc-htpNat",
                "target": "div",
                "toString": [Function],
                "warnTooManyClasses": [Function],
                "withComponent": [Function],
              },
            },
            Object {
              "instance": null,
              "key": "current-27",
              "nodeType": "function",
              "props": Object {
                "children": 27,
              },
              "ref": null,
              "rendered": 27,
              "type": Object {
                "$$typeof": Symbol(react.forward_ref),
                "attrs": Array [],
                "componentStyle": ComponentStyle {
                  "componentId": "sc-htpNat",
                  "isStatic": true,
                  "rules": Array [
                    "
    text-align: left;
    padding: 10px;
",
                  ],
                },
                "displayName": "Day",
                "foldedComponentIds": Array [],
                "render": [Function],
                "styledComponentId": "sc-htpNat",
                "target": "div",
                "toString": [Function],
                "warnTooManyClasses": [Function],
                "withComponent": [Function],
              },
            },
            Object {
              "instance": null,
              "key": "current-28",
              "nodeType": "function",
              "props": Object {
                "children": 28,
              },
              "ref": null,
              "rendered": 28,
              "type": Object {
                "$$typeof": Symbol(react.forward_ref),
                "attrs": Array [],
                "componentStyle": ComponentStyle {
                  "componentId": "sc-htpNat",
                  "isStatic": true,
                  "rules": Array [
                    "
    text-align: left;
    padding: 10px;
",
                  ],
                },
                "displayName": "Day",
                "foldedComponentIds": Array [],
                "render": [Function],
                "styledComponentId": "sc-htpNat",
                "target": "div",
                "toString": [Function],
                "warnTooManyClasses": [Function],
                "withComponent": [Function],
              },
            },
            Object {
              "instance": null,
              "key": "next-1",
              "nodeType": "function",
              "props": Object {
                "children": 1,
              },
              "ref": null,
              "rendered": 1,
              "type": Object {
                "$$typeof": Symbol(react.forward_ref),
                "attrs": Array [],
                "componentStyle": ComponentStyle {
                  "componentId": "sc-htpNat",
                  "isStatic": true,
                  "rules": Array [
                    "
    text-align: left;
    padding: 10px;
",
                  ],
                },
                "displayName": "Day",
                "foldedComponentIds": Array [],
                "render": [Function],
                "styledComponentId": "sc-htpNat",
                "target": "div",
                "toString": [Function],
                "warnTooManyClasses": [Function],
                "withComponent": [Function],
              },
            },
          ],
          "type": Object {
            "$$typeof": Symbol(react.forward_ref),
            "attrs": Array [],
            "componentStyle": ComponentStyle {
              "componentId": "sc-bwzfXH",
              "isStatic": true,
              "rules": Array [
                "
    position: relative;
    display: flex;
    border-bottom: 1px solid gray;
    & > * {
        flex: 1;
    }
    & > *:not(:last-child) {
        border-right: 1px solid gray;
    }
",
              ],
            },
            "displayName": "Row",
            "foldedComponentIds": Array [],
            "render": [Function],
            "styledComponentId": "sc-bwzfXH",
            "target": "div",
            "toString": [Function],
            "warnTooManyClasses": [Function],
            "withComponent": [Function],
          },
        },
      ],
      "type": Object {
        "$$typeof": Symbol(react.forward_ref),
        "attrs": Array [],
        "componentStyle": ComponentStyle {
          "componentId": "sc-bdVaJa",
          "isStatic": true,
          "rules": Array [
            "
    position: relative;
    display: flex;
    flex-flow: column;
    & > * {
        flex: 1;
    }
",
          ],
        },
        "displayName": "styled.div",
        "foldedComponentIds": Array [],
        "render": [Function],
        "styledComponentId": "sc-bdVaJa",
        "target": "div",
        "toString": [Function],
        "warnTooManyClasses": [Function],
        "withComponent": [Function],
      },
    },
  ],
  Symbol(enzyme.__options__): Object {
    "adapter": ReactSixteenAdapter {
      "options": Object {
        "enableComponentDidUpdateOnSetState": true,
        "legacyContextMode": "parent",
        "lifecycles": Object {
          "componentDidUpdate": Object {
            "onSetState": true,
          },
          "getChildContext": Object {
            "calledByRenderer": false,
          },
          "getDerivedStateFromError": true,
          "getDerivedStateFromProps": Object {
            "hasShouldComponentUpdateBug": false,
          },
          "getSnapshotBeforeUpdate": true,
          "setState": Object {
            "skipsComponentDidUpdateOnNullish": true,
          },
        },
      },
    },
  },
}
`;
